Component: ARM Compiler 5.06 update 6 (build 750) Tool: armlink [4d35ed]

==============================================================================

Section Cross References

    startup_stm32wb55xx_cm4.o(RESET) refers to startup_stm32wb55xx_cm4.o(STACK) for __initial_sp
    startup_stm32wb55xx_cm4.o(RESET) refers to startup_stm32wb55xx_cm4.o(.text) for Reset_Handler
    startup_stm32wb55xx_cm4.o(RESET) refers to stm32wbxx_it.o(i.NMI_Handler) for NMI_Handler
    startup_stm32wb55xx_cm4.o(RESET) refers to stm32wbxx_it.o(i.HardFault_Handler) for HardFault_Handler
    startup_stm32wb55xx_cm4.o(RESET) refers to stm32wbxx_it.o(i.MemManage_Handler) for MemManage_Handler
    startup_stm32wb55xx_cm4.o(RESET) refers to stm32wbxx_it.o(i.BusFault_Handler) for BusFault_Handler
    startup_stm32wb55xx_cm4.o(RESET) refers to stm32wbxx_it.o(i.UsageFault_Handler) for UsageFault_Handler
    startup_stm32wb55xx_cm4.o(RESET) refers to stm32wbxx_it.o(i.SVC_Handler) for SVC_Handler
    startup_stm32wb55xx_cm4.o(RESET) refers to stm32wbxx_it.o(i.DebugMon_Handler) for DebugMon_Handler
    startup_stm32wb55xx_cm4.o(RESET) refers to stm32wbxx_it.o(i.PendSV_Handler) for PendSV_Handler
    startup_stm32wb55xx_cm4.o(RESET) refers to stm32wbxx_it.o(i.SysTick_Handler) for SysTick_Handler
    startup_stm32wb55xx_cm4.o(RESET) refers to stm32wbxx_it.o(i.USB_LP_IRQHandler) for USB_LP_IRQHandler
    startup_stm32wb55xx_cm4.o(RESET) refers to stm32wbxx_it.o(i.TIM1_TRG_COM_TIM17_IRQHandler) for TIM1_TRG_COM_TIM17_IRQHandler
    startup_stm32wb55xx_cm4.o(.text) refers to system_stm32wbxx.o(i.SystemInit) for SystemInit
    startup_stm32wb55xx_cm4.o(.text) refers to entry.o(.ARM.Collect$$$$00000000) for __main
    main.o(i.MX_ADC1_Init) refers to memseta.o(.text) for __aeabi_memclr4
    main.o(i.MX_ADC1_Init) refers to stm32wbxx_hal_adc.o(i.HAL_ADC_Init) for HAL_ADC_Init
    main.o(i.MX_ADC1_Init) refers to stm32wbxx_hal_adc.o(i.HAL_ADC_ConfigChannel) for HAL_ADC_ConfigChannel
    main.o(i.MX_ADC1_Init) refers to main.o(.bss) for .bss
    main.o(i.MX_GPIO_Init) refers to memseta.o(.text) for __aeabi_memclr4
    main.o(i.MX_GPIO_Init) refers to main.o(i.LL_AHB2_GRP1_EnableClock) for LL_AHB2_GRP1_EnableClock
    main.o(i.MX_GPIO_Init) refers to stm32wbxx_hal_gpio.o(i.HAL_GPIO_WritePin) for HAL_GPIO_WritePin
    main.o(i.MX_GPIO_Init) refers to stm32wbxx_hal_gpio.o(i.HAL_GPIO_Init) for HAL_GPIO_Init
    main.o(i.MX_I2C1_Init) refers to stm32wbxx_hal_i2c.o(i.HAL_I2C_Init) for HAL_I2C_Init
    main.o(i.MX_I2C1_Init) refers to stm32wbxx_hal_i2c_ex.o(i.HAL_I2CEx_ConfigAnalogFilter) for HAL_I2CEx_ConfigAnalogFilter
    main.o(i.MX_I2C1_Init) refers to stm32wbxx_hal_i2c_ex.o(i.HAL_I2CEx_ConfigDigitalFilter) for HAL_I2CEx_ConfigDigitalFilter
    main.o(i.MX_I2C1_Init) refers to main.o(.bss) for .bss
    main.o(i.MX_TIM1_Init) refers to memseta.o(.text) for __aeabi_memclr4
    main.o(i.MX_TIM1_Init) refers to stm32wbxx_hal_tim.o(i.HAL_TIM_OC_Init) for HAL_TIM_OC_Init
    main.o(i.MX_TIM1_Init) refers to stm32wbxx_hal_tim_ex.o(i.HAL_TIMEx_MasterConfigSynchronization) for HAL_TIMEx_MasterConfigSynchronization
    main.o(i.MX_TIM1_Init) refers to stm32wbxx_hal_tim.o(i.HAL_TIM_OC_ConfigChannel) for HAL_TIM_OC_ConfigChannel
    main.o(i.MX_TIM1_Init) refers to stm32wbxx_hal_tim_ex.o(i.HAL_TIMEx_ConfigBreakDeadTime) for HAL_TIMEx_ConfigBreakDeadTime
    main.o(i.MX_TIM1_Init) refers to main.o(.bss) for .bss
    main.o(i.SystemClock_Config) refers to memseta.o(.text) for __aeabi_memclr4
    main.o(i.SystemClock_Config) refers to stm32wbxx_hal_rcc.o(i.HAL_RCC_OscConfig) for HAL_RCC_OscConfig
    main.o(i.SystemClock_Config) refers to stm32wbxx_hal_rcc.o(i.HAL_RCC_ClockConfig) for HAL_RCC_ClockConfig
    main.o(i.SystemClock_Config) refers to stm32wbxx_hal_rcc_ex.o(i.HAL_RCCEx_PeriphCLKConfig) for HAL_RCCEx_PeriphCLKConfig
    main.o(i.SystemClock_Config) refers to stm32wbxx_hal_rcc_ex.o(i.HAL_RCCEx_EnableMSIPLLMode) for HAL_RCCEx_EnableMSIPLLMode
    main.o(i.main) refers to stm32wbxx_hal.o(i.HAL_Init) for HAL_Init
    main.o(i.main) refers to main.o(i.SystemClock_Config) for SystemClock_Config
    main.o(i.main) refers to main.o(i.MX_GPIO_Init) for MX_GPIO_Init
    main.o(i.main) refers to main.o(i.MX_ADC1_Init) for MX_ADC1_Init
    main.o(i.main) refers to main.o(i.MX_I2C1_Init) for MX_I2C1_Init
    main.o(i.main) refers to stm32wbxx_hal_rtc.o(i.HAL_RTC_Init) for HAL_RTC_Init
    main.o(i.main) refers to main.o(i.MX_TIM1_Init) for MX_TIM1_Init
    main.o(i.main) refers to app_fatfs.o(i.MX_FATFS_Init) for MX_FATFS_Init
    main.o(i.main) refers to usb_device.o(i.MX_USB_Device_Init) for MX_USB_Device_Init
    main.o(i.main) refers to app_entry.o(i.APPE_Init) for APPE_Init
    main.o(i.main) refers to ff.o(i.f_open) for f_open
    main.o(i.main) refers to stm32wbxx_hal_adc.o(i.HAL_ADC_Start_IT) for HAL_ADC_Start_IT
    main.o(i.main) refers to pke_charge_transfer.o(i.pke_charge_transfer_init) for pke_charge_transfer_init
[...]
    HAL_PCD_EP_ClrStall                      0x080012c3   Thumb Code    88  stm32wbxx_hal_pcd.o(i.HAL_PCD_EP_ClrStall)
    HAL_PCD_EP_Flush                         0x0800131b   Thumb Code     4  stm32wbxx_hal_pcd.o(i.HAL_PCD_EP_Flush)
    HAL_PCD_EP_GetRxCount                    0x0800131f   Thumb Code    14  stm32wbxx_hal_pcd.o(i.HAL_PCD_EP_GetRxCount)
    HAL_PCD_EP_Open                          0x0800132d   Thumb Code    92  stm32wbxx_hal_pcd.o(i.HAL_PCD_EP_Open)
    HAL_PCD_EP_Receive                       0x08001389   Thumb Code    46  stm32wbxx_hal_pcd.o(i.HAL_PCD_EP_Receive)
    HAL_PCD_EP_SetStall                      0x080013b7   Thumb Code   106  stm32wbxx_hal_pcd.o(i.HAL_PCD_EP_SetStall)
    HAL_PCD_EP_Transmit                      0x08001421   Thumb Code    42  stm32wbxx_hal_pcd.o(i.HAL_PCD_EP_Transmit)
    HAL_PCD_IRQHandler                       0x0800144b   Thumb Code   380  stm32wbxx_hal_pcd.o(i.HAL_PCD_IRQHandler)
    HAL_PCD_Init                             0x080015c7   Thumb Code   170  stm32wbxx_hal_pcd.o(i.HAL_PCD_Init)
    HAL_PCD_MspInit                          0x08001671   Thumb Code   108  usbd_conf.o(i.HAL_PCD_MspInit)
    HAL_PCD_ResetCallback                    0x080016e1   Thumb Code    38  usbd_conf.o(i.HAL_PCD_ResetCallback)
    HAL_PCD_ResumeCallback                   0x08001709   Thumb Code    34  usbd_conf.o(i.HAL_PCD_ResumeCallback)
    HAL_PCD_SOFCallback                      0x08001731   Thumb Code     8  usbd_conf.o(i.HAL_PCD_SOFCallback)
    HAL_PCD_SetAddress                       0x08001739   Thumb Code    40  stm32wbxx_hal_pcd.o(i.HAL_PCD_SetAddress)
    HAL_PCD_SetupStageCallback               0x08001761   Thumb Code    14  usbd_conf.o(i.HAL_PCD_SetupStageCallback)
    HAL_PCD_Start                            0x0800176f   Thumb Code    42  stm32wbxx_hal_pcd.o(i.HAL_PCD_Start)
    HAL_PCD_SuspendCallback                  0x08001799   Thumb Code    30  usbd_conf.o(i.HAL_PCD_SuspendCallback)
    HAL_PWREx_EnableVddUSB                   0x080017bd   Thumb Code    12  stm32wbxx_hal_pwr_ex.o(i.HAL_PWREx_EnableVddUSB)
    HAL_PWREx_GetVoltageRange                0x080017cd   Thumb Code    10  stm32wbxx_hal_pwr_ex.o(i.HAL_PWREx_GetVoltageRange)
    HAL_PWR_EnableBkUpAccess                 0x080017dd   Thumb Code    12  stm32wbxx_hal_pwr.o(i.HAL_PWR_EnableBkUpAccess)
    HAL_RCCEx_EnableMSIPLLMode               0x080017ed   Thumb Code    14  stm32wbxx_hal_rcc_ex.o(i.HAL_RCCEx_EnableMSIPLLMode)
    HAL_RCCEx_PeriphCLKConfig                0x080017fb   Thumb Code   530  stm32wbxx_hal_rcc_ex.o(i.HAL_RCCEx_PeriphCLKConfig)
    HAL_RCC_ClockConfig                      0x08001a0d   Thumb Code   492  stm32wbxx_hal_rcc.o(i.HAL_RCC_ClockConfig)
    HAL_RCC_GetHCLKFreq                      0x08001bfd   Thumb Code    30  stm32wbxx_hal_rcc.o(i.HAL_RCC_GetHCLKFreq)
    HAL_RCC_GetSysClockFreq                  0x08001c21   Thumb Code   140  stm32wbxx_hal_rcc.o(i.HAL_RCC_GetSysClockFreq)
    HAL_RCC_OscConfig                        0x08001cb5   Thumb Code  1360  stm32wbxx_hal_rcc.o(i.HAL_RCC_OscConfig)
    HAL_RTC_Init                             0x08002209   Thumb Code   194  stm32wbxx_hal_rtc.o(i.HAL_RTC_Init)
    HAL_RTC_MspInit                          0x080022d1   Thumb Code    24  stm32wbxx_hal_msp.o(i.HAL_RTC_MspInit)
    HAL_RTC_WaitForSynchro                   0x080022ed   Thumb Code    54  stm32wbxx_hal_rtc.o(i.HAL_RTC_WaitForSynchro)
    HAL_SYSTICK_Config                       0x08002323   Thumb Code    40  stm32wbxx_hal_cortex.o(i.HAL_SYSTICK_Config)
    HAL_TIMEx_Break2Callback                 0x0800234b   Thumb Code     2  stm32wbxx_hal_tim_ex.o(i.HAL_TIMEx_Break2Callback)
    HAL_TIMEx_BreakCallback                  0x0800234d   Thumb Code     2  stm32wbxx_hal_tim_ex.o(i.HAL_TIMEx_BreakCallback)
    HAL_TIMEx_CommutCallback                 0x0800234f   Thumb Code     2  stm32wbxx_hal_tim_ex.o(i.HAL_TIMEx_CommutCallback)
    HAL_TIMEx_ConfigBreakDeadTime            0x08002351   Thumb Code   126  stm32wbxx_hal_tim_ex.o(i.HAL_TIMEx_ConfigBreakDeadTime)
    HAL_TIMEx_MasterConfigSynchronization    0x080023d5   Thumb Code    82  stm32wbxx_hal_tim_ex.o(i.HAL_TIMEx_MasterConfigSynchronization)
    HAL_TIM_Base_Init                        0x0800242d   Thumb Code    54  stm32wbxx_hal_tim.o(i.HAL_TIM_Base_Init)
    HAL_TIM_Base_MspInit                     0x08002465   Thumb Code    40  stm32wbxx_hal_msp.o(i.HAL_TIM_Base_MspInit)
    HAL_TIM_IC_CaptureCallback               0x08002491   Thumb Code     2  stm32wbxx_hal_tim.o(i.HAL_TIM_IC_CaptureCallback)
    HAL_TIM_IRQHandler                       0x08002493   Thumb Code   388  stm32wbxx_hal_tim.o(i.HAL_TIM_IRQHandler)
    HAL_TIM_OC_ConfigChannel                 0x08002617   Thumb Code   114  stm32wbxx_hal_tim.o(i.HAL_TIM_OC_ConfigChannel)
    HAL_TIM_OC_DelayElapsedCallback          0x08002689   Thumb Code     2  stm32wbxx_hal_tim.o(i.HAL_TIM_OC_DelayElapsedCallback)
    HAL_TIM_OC_Init                          0x0800268b   Thumb Code    54  stm32wbxx_hal_tim.o(i.HAL_TIM_OC_Init)
    HAL_TIM_OC_MspInit                       0x080026c1   Thumb Code    38  stm32wbxx_hal_msp.o(i.HAL_TIM_OC_MspInit)
    HAL_TIM_PWM_PulseFinishedCallback        0x080026ed   Thumb Code     2  stm32wbxx_hal_tim.o(i.HAL_TIM_PWM_PulseFinishedCallback)
    HAL_TIM_PeriodElapsedCallback            0x080026ef   Thumb Code     2  stm32wbxx_hal_tim.o(i.HAL_TIM_PeriodElapsedCallback)
    HAL_TIM_TriggerCallback                  0x080026f1   Thumb Code     2  stm32wbxx_hal_tim.o(i.HAL_TIM_TriggerCallback)
    HIDS_Init                                0x080026f3   Thumb Code     2  svc_ctl.o(i.HIDS_Init)
    HRS_Init                                 0x080026f5   Thumb Code     2  svc_ctl.o(i.HRS_Init)
    HTS_Init                                 0x080026f7   Thumb Code     2  svc_ctl.o(i.HTS_Init)
    HW_IPCC_BLE_Init                         0x080026f9   Thumb Code    12  hw_ipcc.o(i.HW_IPCC_BLE_Init)
    HW_IPCC_BLE_SendCmd                      0x08002709   Thumb Code    10  hw_ipcc.o(i.HW_IPCC_BLE_SendCmd)
    HW_IPCC_Enable                           0x08002719   Thumb Code    16  hw_ipcc.o(i.HW_IPCC_Enable)
    HW_IPCC_Init                             0x0800272d   Thumb Code    56  hw_ipcc.o(i.HW_IPCC_Init)
    HW_IPCC_MM_SendFreeBuf                   0x08002769   Thumb Code    40  hw_ipcc.o(i.HW_IPCC_MM_SendFreeBuf)
    HW_IPCC_SYS_Init                         0x08002799   Thumb Code    12  hw_ipcc.o(i.HW_IPCC_SYS_Init)
    HW_IPCC_SYS_SendCmd                      0x080027a9   Thumb Code    18  hw_ipcc.o(i.HW_IPCC_SYS_SendCmd)
    HW_IPCC_TRACES_Init                      0x080027c1   Thumb Code    12  hw_ipcc.o(i.HW_IPCC_TRACES_Init)
    HW_TS_Create                             0x080027d1   Thumb Code    82  hw_timerserver.o(i.HW_TS_Create)
    HW_TS_Init                               0x08002829   Thumb Code   268  hw_timerserver.o(i.HW_TS_Init)
    HW_TS_Start                              0x08002945   Thumb Code   118  hw_timerserver.o(i.HW_TS_Start)
    HW_TS_Stop                               0x080029c5   Thumb Code   166  hw_timerserver.o(i.HW_TS_Stop)
    HardFault_Handler                        0x08002a7d   Thumb Code     2  stm32wbxx_it.o(i.HardFault_Handler)
    IAS_Init                                 0x08002a7f   Thumb Code     2  svc_ctl.o(i.IAS_Init)
    LLS_Init                                 0x08002ab9   Thumb Code     2  svc_ctl.o(i.LLS_Init)
    LST_init_head                            0x08002c79   Thumb Code     6  stm_list.o(i.LST_init_head)
    LST_insert_head                          0x08002c7f   Thumb Code    24  stm_list.o(i.LST_insert_head)
    LST_insert_tail                          0x08002c97   Thumb Code    24  stm_list.o(i.LST_insert_tail)
    LST_is_empty                             0x08002caf   Thumb Code    24  stm_list.o(i.LST_is_empty)
    LST_remove_head                          0x08002cc7   Thumb Code    24  stm_list.o(i.LST_remove_head)
    LST_remove_node                          0x08002cdf   Thumb Code    22  stm_list.o(i.LST_remove_node)
    MESH_Init                                0x08002d31   Thumb Code     2  svc_ctl.o(i.MESH_Init)
    MSC_BOT_CplClrFeature                    0x08002e41   Thumb Code    42  usbd_msc_bot.o(i.MSC_BOT_CplClrFeature)
    MSC_BOT_DataIn                           0x08002e6b   Thumb Code    58  usbd_msc_bot.o(i.MSC_BOT_DataIn)
    MSC_BOT_DataOut                          0x08002ea5   Thumb Code    58  usbd_msc_bot.o(i.MSC_BOT_DataOut)
    MSC_BOT_DeInit                           0x08002edf   Thumb Code    10  usbd_msc_bot.o(i.MSC_BOT_DeInit)
    MSC_BOT_Init                             0x08002ee9   Thumb Code    66  usbd_msc_bot.o(i.MSC_BOT_Init)
    MSC_BOT_Reset                            0x08002f2b   Thumb Code    22  usbd_msc_bot.o(i.MSC_BOT_Reset)
    MSC_BOT_SendCSW                          0x08002f41   Thumb Code    54  usbd_msc_bot.o(i.MSC_BOT_SendCSW)
    MX_FATFS_Init                            0x08002fe5   Thumb Code    30  app_fatfs.o(i.MX_FATFS_Init)
    MX_USB_Device_Init                       0x08003191   Thumb Code    66  usb_device.o(i.MX_USB_Device_Init)
    MemManage_Handler                        0x080031e5   Thumb Code     2  stm32wbxx_it.o(i.MemManage_Handler)
    NMI_Handler                              0x080031e7   Thumb Code     2  stm32wbxx_it.o(i.NMI_Handler)
    OTAS_STM_Init                            0x08003205   Thumb Code     2  svc_ctl.o(i.OTAS_STM_Init)
    OTP_Read                                 0x08003209   Thumb Code    30  otp.o(i.OTP_Read)
    Osal_MemCpy                              0x08003231   Thumb Code     4  osal.o(i.Osal_MemCpy)
    Osal_MemSet                              0x08003235   Thumb Code     4  osal.o(i.Osal_MemSet)
    P2PS_APP_Init                            0x08003239   Thumb Code     2  p2p_server_app.o(i.P2PS_APP_Init)
    P2PS_APP_Notification                    0x0800323b   Thumb Code     2  p2p_server_app.o(i.P2PS_APP_Notification)
    P2PS_STM_App_Notification                0x0800323d   Thumb Code     2  p2p_server_app.o(i.P2PS_STM_App_Notification)
    P2PS_STM_Init                            0x08003241   Thumb Code   374  p2p_stm.o(i.P2PS_STM_Init)
    PendSV_Handler                           0x080036c1   Thumb Code     2  stm32wbxx_it.o(i.PendSV_Handler)
    RTC_EnterInitMode                        0x080038fd   Thumb Code    58  stm32wbxx_hal_rtc.o(i.RTC_EnterInitMode)
    SCSI_ProcessCmd                          0x08003acd   Thumb Code   452  usbd_msc_scsi.o(i.SCSI_ProcessCmd)
    SCSI_SenseCode                           0x08003f35   Thumb Code    52  usbd_msc_scsi.o(i.SCSI_SenseCode)
    SHCI_C2_BLE_Init                         0x08004027   Thumb Code    26  shci.o(i.SHCI_C2_BLE_Init)
    SVCCTL_App_Notification                  0x08004069   Thumb Code   134  app_ble.o(i.SVCCTL_App_Notification)
    SVCCTL_Init                              0x080040f9   Thumb Code    70  svc_ctl.o(i.SVCCTL_Init)
    SVCCTL_InitCustomSvc                     0x08004145   Thumb Code     2  svc_ctl.o(i.SVCCTL_InitCustomSvc)
    SVCCTL_RegisterSvcHandler                0x08004149   Thumb Code    16  svc_ctl.o(i.SVCCTL_RegisterSvcHandler)
    SVCCTL_UserEvtRx                         0x0800415d   Thumb Code    78  svc_ctl.o(i.SVCCTL_UserEvtRx)
    SVC_Handler                              0x080041b1   Thumb Code     2  stm32wbxx_it.o(i.SVC_Handler)
    SysTick_Handler                          0x080041e3   Thumb Code     4  stm32wbxx_it.o(i.SysTick_Handler)
    SystemClock_Config                       0x080041e9   Thumb Code   228  main.o(i.SystemClock_Config)
    SystemCoreClockUpdate                    0x080042d1   Thumb Code   144  system_stm32wbxx.o(i.SystemCoreClockUpdate)
    SystemInit                               0x0800436d   Thumb Code    86  system_stm32wbxx.o(i.SystemInit)
    TIM1_TRG_COM_TIM17_IRQHandler            0x080043d1   Thumb Code    18  stm32wbxx_it.o(i.TIM1_TRG_COM_TIM17_IRQHandler)
    TIM_Base_SetConfig                       0x080043ed   Thumb Code    94  stm32wbxx_hal_tim.o(i.TIM_Base_SetConfig)
    TIM_OC2_SetConfig                        0x080044d1   Thumb Code   102  stm32wbxx_hal_tim.o(i.TIM_OC2_SetConfig)
    TL_BLE_Init                              0x080046d5   Thumb Code    50  tl_mbox.o(i.TL_BLE_Init)
    TL_BLE_SendCmd                           0x08004715   Thumb Code    20  tl_mbox.o(i.TL_BLE_SendCmd)
    TL_Enable                                0x0800472d   Thumb Code     4  tl_mbox.o(i.TL_Enable)
    TL_Init                                  0x08004731   Thumb Code    38  tl_mbox.o(i.TL_Init)
    TL_MM_EvtDone                            0x08004761   Thumb Code    20  tl_mbox.o(i.TL_MM_EvtDone)
    TL_MM_Init                               0x0800477d   Thumb Code    56  tl_mbox.o(i.TL_MM_Init)
    TL_SYS_Init                              0x080047c1   Thumb Code    40  tl_mbox.o(i.TL_SYS_Init)
    TL_SYS_SendCmd                           0x080047f5   Thumb Code    20  tl_mbox.o(i.TL_SYS_SendCmd)
    TL_TRACES_Init                           0x0800480d   Thumb Code    24  tl_mbox.o(i.TL_TRACES_Init)
    TPS_Init                                 0x0800482d   Thumb Code     2  svc_ctl.o(i.TPS_Init)
    USBD_ClrClassConfig                      0x08004885   Thumb Code    14  usbd_core.o(i.USBD_ClrClassConfig)
    USBD_CtlContinueRx                       0x08004893   Thumb Code    16  usbd_ioreq.o(i.USBD_CtlContinueRx)
    USBD_CtlContinueSendData                 0x080048a3   Thumb Code    16  usbd_ioreq.o(i.USBD_CtlContinueSendData)
    USBD_CtlError                            0x080048b3   Thumb Code    22  usbd_ctlreq.o(i.USBD_CtlError)
    USBD_CtlReceiveStatus                    0x080048c9   Thumb Code    22  usbd_ioreq.o(i.USBD_CtlReceiveStatus)
    USBD_CtlSendData                         0x080048df   Thumb Code    26  usbd_ioreq.o(i.USBD_CtlSendData)
    USBD_CtlSendStatus                       0x080048f9   Thumb Code    22  usbd_ioreq.o(i.USBD_CtlSendStatus)
    USBD_GetString                           0x08004a0b   Thumb Code    72  usbd_ctlreq.o(i.USBD_GetString)
    USBD_Init                                0x08004a6b   Thumb Code    42  usbd_core.o(i.USBD_Init)
    USBD_LL_ClearStallEP                     0x08004a95   Thumb Code    18  usbd_conf.o(i.USBD_LL_ClearStallEP)
    USBD_LL_CloseEP                          0x08004aa7   Thumb Code    18  usbd_conf.o(i.USBD_LL_CloseEP)
    USBD_LL_DataInStage                      0x08004ab9   Thumb Code   198  usbd_core.o(i.USBD_LL_DataInStage)
    USBD_LL_DataOutStage                     0x08004b7f   Thumb Code   130  usbd_core.o(i.USBD_LL_DataOutStage)
    USBD_LL_FlushEP                          0x08004c01   Thumb Code    18  usbd_conf.o(i.USBD_LL_FlushEP)
    USBD_LL_GetRxDataSize                    0x08004c13   Thumb Code     8  usbd_conf.o(i.USBD_LL_GetRxDataSize)
    USBD_LL_Init                             0x08004c1d   Thumb Code   112  usbd_conf.o(i.USBD_LL_Init)
    USBD_LL_IsStallEP                        0x08004c95   Thumb Code    28  usbd_conf.o(i.USBD_LL_IsStallEP)
    USBD_LL_OpenEP                           0x08004cb1   Thumb Code    24  usbd_conf.o(i.USBD_LL_OpenEP)
    USBD_LL_PrepareReceive                   0x08004cc9   Thumb Code    18  usbd_conf.o(i.USBD_LL_PrepareReceive)
    USBD_LL_Reset                            0x08004cdb   Thumb Code    80  usbd_core.o(i.USBD_LL_Reset)
    USBD_LL_Resume                           0x08004d2b   Thumb Code    20  usbd_core.o(i.USBD_LL_Resume)
    USBD_LL_SOF                              0x08004d3f   Thumb Code    24  usbd_core.o(i.USBD_LL_SOF)
    USBD_LL_SetSpeed                         0x08004d57   Thumb Code     6  usbd_core.o(i.USBD_LL_SetSpeed)
    USBD_LL_SetUSBAddress                    0x08004d5d   Thumb Code    18  usbd_conf.o(i.USBD_LL_SetUSBAddress)
    USBD_LL_SetupStage                       0x08004d6f   Thumb Code    90  usbd_core.o(i.USBD_LL_SetupStage)
    USBD_LL_StallEP                          0x08004dc9   Thumb Code    18  usbd_conf.o(i.USBD_LL_StallEP)
    USBD_LL_Start                            0x08004ddb   Thumb Code    18  usbd_conf.o(i.USBD_LL_Start)
    USBD_LL_Suspend                          0x08004ded   Thumb Code    18  usbd_core.o(i.USBD_LL_Suspend)
    USBD_LL_Transmit                         0x08004dff   Thumb Code    18  usbd_conf.o(i.USBD_LL_Transmit)
    USBD_MSC_ConfigStrDescriptor             0x08004e11   Thumb Code    16  usbd_desc.o(i.USBD_MSC_ConfigStrDescriptor)
    USBD_MSC_DataIn                          0x08004e31   Thumb Code    10  usbd_msc.o(i.USBD_MSC_DataIn)
    USBD_MSC_DataOut                         0x08004e3b   Thumb Code    10  usbd_msc.o(i.USBD_MSC_DataOut)
    USBD_MSC_DeInit                          0x08004e45   Thumb Code    50  usbd_msc.o(i.USBD_MSC_DeInit)
    USBD_MSC_DeviceDescriptor                0x08004e79   Thumb Code     8  usbd_desc.o(i.USBD_MSC_DeviceDescriptor)
    USBD_MSC_GetDeviceQualifierDescriptor    0x08004e85   Thumb Code     8  usbd_msc.o(i.USBD_MSC_GetDeviceQualifierDescriptor)
    USBD_MSC_GetFSCfgDesc                    0x08004e91   Thumb Code     8  usbd_msc.o(i.USBD_MSC_GetFSCfgDesc)
    USBD_MSC_GetHSCfgDesc                    0x08004e9d   Thumb Code     8  usbd_msc.o(i.USBD_MSC_GetHSCfgDesc)
    USBD_MSC_GetOtherSpeedCfgDesc            0x08004ea9   Thumb Code     8  usbd_msc.o(i.USBD_MSC_GetOtherSpeedCfgDesc)
    USBD_MSC_Init                            0x08004eb5   Thumb Code    92  usbd_msc.o(i.USBD_MSC_Init)
    USBD_MSC_InterfaceStrDescriptor          0x08004f11   Thumb Code    16  usbd_desc.o(i.USBD_MSC_InterfaceStrDescriptor)
    USBD_MSC_LangIDStrDescriptor             0x08004f35   Thumb Code     8  usbd_desc.o(i.USBD_MSC_LangIDStrDescriptor)
    USBD_MSC_ManufacturerStrDescriptor       0x08004f41   Thumb Code    16  usbd_desc.o(i.USBD_MSC_ManufacturerStrDescriptor)
    USBD_MSC_ProductStrDescriptor            0x08004f69   Thumb Code    16  usbd_desc.o(i.USBD_MSC_ProductStrDescriptor)
    USBD_MSC_RegisterStorage                 0x08004f91   Thumb Code    10  usbd_msc.o(i.USBD_MSC_RegisterStorage)
    USBD_MSC_SerialStrDescriptor             0x08004f9d   Thumb Code    48  usbd_desc.o(i.USBD_MSC_SerialStrDescriptor)
    USBD_MSC_Setup                           0x08004fd5   Thumb Code   278  usbd_msc.o(i.USBD_MSC_Setup)
    USBD_ParseSetupRequest                   0x080050eb   Thumb Code    40  usbd_ctlreq.o(i.USBD_ParseSetupRequest)
    USBD_RegisterClass                       0x08005113   Thumb Code    16  usbd_core.o(i.USBD_RegisterClass)
    USBD_SetClassConfig                      0x08005123   Thumb Code    22  usbd_core.o(i.USBD_SetClassConfig)
    USBD_Start                               0x080051bd   Thumb Code    10  usbd_core.o(i.USBD_Start)
    USBD_StdDevReq                           0x080051c7   Thumb Code   274  usbd_ctlreq.o(i.USBD_StdDevReq)
    USBD_StdEPReq                            0x080052d9   Thumb Code   336  usbd_ctlreq.o(i.USBD_StdEPReq)
    USBD_StdItfReq                           0x08005429   Thumb Code    78  usbd_ctlreq.o(i.USBD_StdItfReq)
    USBD_static_free                         0x08005477   Thumb Code     2  usbd_conf.o(i.USBD_static_free)
    USBD_static_malloc                       0x08005479   Thumb Code     4  usbd_conf.o(i.USBD_static_malloc)
    USB_ActivateEndpoint                     0x08005481   Thumb Code   608  stm32wbxx_ll_usb.o(i.USB_ActivateEndpoint)
    USB_DeactivateEndpoint                   0x080056e1   Thumb Code   270  stm32wbxx_ll_usb.o(i.USB_DeactivateEndpoint)
    USB_DevConnect                           0x080057ef   Thumb Code    14  stm32wbxx_ll_usb.o(i.USB_DevConnect)
    USB_DevInit                              0x080057fd   Thumb Code    30  stm32wbxx_ll_usb.o(i.USB_DevInit)
    USB_DisableGlobalInt                     0x0800581b   Thumb Code    16  stm32wbxx_ll_usb.o(i.USB_DisableGlobalInt)
    USB_EP0_OutStart                         0x0800582b   Thumb Code     4  stm32wbxx_ll_usb.o(i.USB_EP0_OutStart)
    USB_EPClearStall                         0x0800582f   Thumb Code   120  stm32wbxx_ll_usb.o(i.USB_EPClearStall)
    USB_EPSetStall                           0x080058a7   Thumb Code    50  stm32wbxx_ll_usb.o(i.USB_EPSetStall)
    USB_EPStartXfer                          0x080058d9   Thumb Code   386  stm32wbxx_ll_usb.o(i.USB_EPStartXfer)
    USB_EnableGlobalInt                      0x08005a5b   Thumb Code    16  stm32wbxx_ll_usb.o(i.USB_EnableGlobalInt)
    USB_LP_IRQHandler                        0x08005a6d   Thumb Code     6  stm32wbxx_it.o(i.USB_LP_IRQHandler)
    USB_ReadInterrupts                       0x08005a79   Thumb Code     6  stm32wbxx_ll_usb.o(i.USB_ReadInterrupts)
    USB_ReadPMA                              0x08005a7f   Thumb Code    40  stm32wbxx_ll_usb.o(i.USB_ReadPMA)
    USB_SetDevAddress                        0x08005aa7   Thumb Code    12  stm32wbxx_ll_usb.o(i.USB_SetDevAddress)
    USB_WritePMA                             0x08005ab5   Thumb Code    38  stm32wbxx_ll_usb.o(i.USB_WritePMA)
    USER_initialize                          0x08005add   Thumb Code    10  user_diskio.o(i.USER_initialize)
    USER_ioctl                               0x08005aed   Thumb Code     4  user_diskio.o(i.USER_ioctl)
    USER_read                                0x08005af1   Thumb Code     4  user_diskio.o(i.USER_read)
    USER_status                              0x08005af5   Thumb Code    10  user_diskio.o(i.USER_status)
    USER_write                               0x08005b05   Thumb Code     4  user_diskio.o(i.USER_write)
    UTIL_LPM_Init                            0x08005b09   Thumb Code    10  stm32_lpm.o(i.UTIL_LPM_Init)
    UTIL_LPM_SetOffMode                      0x08005b19   Thumb Code    32  stm32_lpm.o(i.UTIL_LPM_SetOffMode)
    UTIL_SEQ_EvtIdle                         0x08005b3d   Thumb Code     8  app_entry.o(i.UTIL_SEQ_EvtIdle)
    UTIL_SEQ_Idle                            0x08005b45   Thumb Code     2  app_entry.o(i.UTIL_SEQ_Idle)
    UTIL_SEQ_PauseTask                       0x08005b49   Thumb Code    20  stm32_seq.o(i.UTIL_SEQ_PauseTask)
    UTIL_SEQ_PostIdle                        0x08005b61   Thumb Code     2  stm32_seq.o(i.UTIL_SEQ_PostIdle)
    UTIL_SEQ_PreIdle                         0x08005b63   Thumb Code     2  stm32_seq.o(i.UTIL_SEQ_PreIdle)
    UTIL_SEQ_RegTask                         0x08005b65   Thumb Code    26  stm32_seq.o(i.UTIL_SEQ_RegTask)
    UTIL_SEQ_ResumeTask                      0x08005b85   Thumb Code    20  stm32_seq.o(i.UTIL_SEQ_ResumeTask)
    UTIL_SEQ_Run                             0x08005b9d   Thumb Code   206  stm32_seq.o(i.UTIL_SEQ_Run)
    UTIL_SEQ_SetEvt                          0x08005c75   Thumb Code    20  stm32_seq.o(i.UTIL_SEQ_SetEvt)
    UTIL_SEQ_SetTask                         0x08005c8d   Thumb Code    34  stm32_seq.o(i.UTIL_SEQ_SetTask)
    UTIL_SEQ_WaitEvt                         0x08005cb9   Thumb Code    40  stm32_seq.o(i.UTIL_SEQ_WaitEvt)
    UsageFault_Handler                       0x08005d3d   Thumb Code     2  stm32wbxx_it.o(i.UsageFault_Handler)
    __scatterload_copy                       0x08005d5f   Thumb Code    14  handlers.o(i.__scatterload_copy)
    __scatterload_null                       0x08005d6d   Thumb Code     2  handlers.o(i.__scatterload_null)
    __scatterload_zeroinit                   0x08005d6f   Thumb Code    14  handlers.o(i.__scatterload_zeroinit)
    aci_gap_configure_whitelist              0x08005d7d   Thumb Code    64  ble_gap_aci.o(i.aci_gap_configure_whitelist)
    aci_gap_init                             0x08005dbd   Thumb Code   132  ble_gap_aci.o(i.aci_gap_init)
    aci_gap_set_authentication_requirement   0x08005e41   Thumb Code   114  ble_gap_aci.o(i.aci_gap_set_authentication_requirement)
    aci_gap_set_discoverable                 0x08005eb3   Thumb Code   162  ble_gap_aci.o(i.aci_gap_set_discoverable)
    aci_gap_set_io_capability                0x08005f55   Thumb Code    74  ble_gap_aci.o(i.aci_gap_set_io_capability)
    aci_gap_set_non_discoverable             0x08005f9f   Thumb Code    64  ble_gap_aci.o(i.aci_gap_set_non_discoverable)
    aci_gap_update_adv_data                  0x08005fdf   Thumb Code    88  ble_gap_aci.o(i.aci_gap_update_adv_data)
    aci_gatt_add_char                        0x08006037   Thumb Code   190  ble_gatt_aci.o(i.aci_gatt_add_char)
    aci_gatt_add_service                     0x080060f5   Thumb Code   170  ble_gatt_aci.o(i.aci_gatt_add_service)
    aci_gatt_init                            0x0800619f   Thumb Code    66  ble_gatt_aci.o(i.aci_gatt_init)
    aci_gatt_update_char_value               0x080061e1   Thumb Code   108  ble_gatt_aci.o(i.aci_gatt_update_char_value)
    aci_hal_set_radio_activity_mask          0x0800624d   Thumb Code    74  ble_hal_aci.o(i.aci_hal_set_radio_activity_mask)
    aci_hal_set_tx_power_level               0x08006297   Thumb Code    80  ble_hal_aci.o(i.aci_hal_set_tx_power_level)
    aci_hal_write_config_data                0x080062e7   Thumb Code    98  ble_hal_aci.o(i.aci_hal_write_config_data)
    disk_initialize                          0x0800681d   Thumb Code    36  diskio.o(i.disk_initialize)
    disk_read                                0x08006845   Thumb Code    24  diskio.o(i.disk_read)
    disk_status                              0x08006861   Thumb Code    18  diskio.o(i.disk_status)
    disk_write                               0x08006879   Thumb Code    24  diskio.o(i.disk_write)
    f_open                                   0x08006895   Thumb Code   520  ff.o(i.f_open)
    get_fattime                              0x08006e27   Thumb Code     4  app_fatfs.o(i.get_fattime)
    hci_cmd_resp_release                     0x08006e67   Thumb Code     6  app_ble.o(i.hci_cmd_resp_release)
    hci_cmd_resp_wait                        0x08006e6d   Thumb Code     6  app_ble.o(i.hci_cmd_resp_wait)
    hci_init                                 0x08006e75   Thumb Code    64  hci_tl.o(i.hci_init)
    hci_le_read_phy                          0x08006ec5   Thumb Code   104  ble_hci_le.o(i.hci_le_read_phy)
    hci_le_set_default_phy                   0x08006f2d   Thumb Code    84  ble_hci_le.o(i.hci_le_set_default_phy)
    hci_notify_asynch_evt                    0x08006f81   Thumb Code     8  app_ble.o(i.hci_notify_asynch_evt)
    hci_register_io_bus                      0x08006f89   Thumb Code    10  hci_tl_if.o(i.hci_register_io_bus)
    hci_reset                                0x08006f9d   Thumb Code    62  ble_hci_le.o(i.hci_reset)
    hci_send_req                             0x08006fdd   Thumb Code   168  hci_tl.o(i.hci_send_req)
    hci_user_evt_proc                        0x08007091   Thumb Code    80  hci_tl.o(i.hci_user_evt_proc)
    main                                     0x0800725d   Thumb Code   124  main.o(i.main)
    pke_charge_transfer_init                 0x08007349   Thumb Code    36  pke_charge_transfer.o(i.pke_charge_transfer_init)
    pke_ct_timer_init                        0x08007371   Thumb Code   110  pke_charge_transfer.o(i.pke_ct_timer_init)
    pke_si7021_handler_init                  0x080073e9   Thumb Code    10  pke_si7021_handler.o(i.pke_si7021_handler_init)
    shci_cmd_resp_release                    0x08007557   Thumb Code     6  app_entry.o(i.shci_cmd_resp_release)
    shci_cmd_resp_wait                       0x0800755d   Thumb Code     6  app_entry.o(i.shci_cmd_resp_wait)
    shci_init                                0x08007565   Thumb Code    66  shci_tl.o(i.shci_init)
    shci_notify_asynch_evt                   0x080075bd   Thumb Code     8  app_entry.o(i.shci_notify_asynch_evt)
    shci_register_io_bus                     0x080075c5   Thumb Code    10  shci_tl_if.o(i.shci_register_io_bus)
    shci_send                                0x080075d9   Thumb Code    82  shci_tl.o(i.shci_send)
    shci_user_evt_proc                       0x08007635   Thumb Code    80  shci_tl.o(i.shci_user_evt_proc)
    STORAGE_Inquirydata_FS                   0x0800777d   Data          36  usbd_storage_if.o(.constdata)
    AHBPrescTable                            0x080077d0   Data          64  system_stm32wbxx.o(.constdata)
    MSIRangeTable                            0x08007810   Data          64  system_stm32wbxx.o(.constdata)
    MSC_Page00_Inquiry_Data                  0x080078ec   Data           7  usbd_msc_data.o(.constdata)
    MSC_Mode_Sense6_data                     0x080078f3   Data           8  usbd_msc_data.o(.constdata)
    MSC_Mode_Sense10_data                    0x080078fb   Data           8  usbd_msc_data.o(.constdata)
    Region$$Table$$Base                      0x08007914   Number         0  anon$$obj.o(Region$$Table)
    Region$$Table$$Limit                     0x08007934   Number         0  anon$$obj.o(Region$$Table)
    USER_Driver                              0x20000004   Data          20  user_diskio.o(.data)
    Appli_state                              0x20000018   Data           1  app_fatfs.o(.data)
    USERPath                                 0x20000019   Data           4  app_fatfs.o(.data)
    handleNotification                       0x2000002c   Data           4  app_ble.o(.data)
    manuf_data                               0x20000036   Data          14  app_ble.o(.data)
    MSC_Desc                                 0x20000048   Data          32  usbd_desc.o(.data)
    USBD_LangIDDesc                          0x20000068   Data           4  usbd_desc.o(.data)
    USBD_MSC_DeviceDesc                      0x2000006c   Data          18  usbd_desc.o(.data)
    USBD_StringSerial                        0x20000080   Data          26  usbd_desc.o(.data)
    USBD_Storage_Interface_fops_FS           0x2000009c   Data          32  usbd_storage_if.o(.data)
    pke_ct_internalstate                     0x200000bc   Data           1  pke_charge_transfer.o(.data)
    pke_ct_last_sense_value                  0x200000be   Data           2  pke_charge_transfer.o(.data)
    sense_pin                                0x200000c0   Data           2  pke_charge_transfer.o(.data)
    cap_pin                                  0x200000c2   Data           2  pke_charge_transfer.o(.data)
    pke_ct_timer_instance                    0x200000c4   Data           4  pke_charge_transfer.o(.data)
    pke_ct_internal_chargeiterations         0x200000c8   Data           4  pke_charge_transfer.o(.data)
    sense_port                               0x200000cc   Data           4  pke_charge_transfer.o(.data)
    cap_port                                 0x200000d0   Data           4  pke_charge_transfer.o(.data)
    pke_ct_sense_cplt_callback               0x200000d4   Data           4  pke_charge_transfer.o(.data)
    pke_si7021_internal_state                0x200000d8   Data           1  pke_si7021_handler.o(.data)
    pke_si7021_perform_measurement           0x200000d9   Data           1  pke_si7021_handler.o(.data)
    sensor_pwr_pin                           0x200000da   Data           2  pke_si7021_handler.o(.data)
    pke_si7021_i2c_instance                  0x200000dc   Data           4  pke_si7021_handler.o(.data)
    sensor_pwr_port                          0x200000e0   Data           4  pke_si7021_handler.o(.data)
    timing_helper                            0x200000e4   Data           4  pke_si7021_handler.o(.data)
    uwTickPrio                               0x200000e8   Data           4  stm32wbxx_hal.o(.data)
    uwTickFreq                               0x200000ec   Data           4  stm32wbxx_hal.o(.data)
    uwTick                                   0x200000f0   Data           4  stm32wbxx_hal.o(.data)
    SystemCoreClock                          0x200000f4   Data           4  system_stm32wbxx.o(.data)
    USBD_MSC                                 0x20000130   Data          56  usbd_msc.o(.data)
    USBD_MSC_CfgHSDesc                       0x20000168   Data          32  usbd_msc.o(.data)
    USBD_MSC_CfgFSDesc                       0x20000188   Data          32  usbd_msc.o(.data)
    USBD_MSC_OtherSpeedCfgDesc               0x200001a8   Data          32  usbd_msc.o(.data)
    USBD_MSC_DeviceQualifierDesc             0x200001c8   Data          10  usbd_msc.o(.data)
    SVCCTL_CltHandler                        0x2000028c   Data           1  svc_ctl.o(BLE_DRIVER_CONTEXT)
    SVCCTL_EvtHandler                        0x20000290   Data          32  svc_ctl.o(BLE_DRIVER_CONTEXT)
    UserEventFlow                            0x200002b8   Data           1  hci_tl.o(BLE_DRIVER_CONTEXT)
    SHCI_TL_UserEventFlow                    0x20000cfd   Data           1  shci_tl.o(SYSTEM_DRIVER_CONTEXT)
    hadc1                                    0x20000da4   Data         100  main.o(.bss)
    hi2c1                                    0x20000e08   Data          76  main.o(.bss)
    hrtc                                     0x20000e54   Data          36  main.o(.bss)
    htim1                                    0x20000e78   Data          64  main.o(.bss)
    htim17                                   0x20000eb8   Data          64  main.o(.bss)
    hUsbDeviceFS                             0x20000ef8   Data         708  usb_device.o(.bss)
    hpcd_USB_FS                              0x2000142c   Data         628  usbd_conf.o(.bss)
    USBD_StrDesc                             0x200016a0   Data         512  usbd_desc.o(.bss)
    disk                                     0x200018c0   Data          12  ff_gen_drv.o(.bss)
    __initial_sp                             0x20001da0   Data           0  startup_stm32wb55xx_cm4.o(STACK)



==============================================================================

Memory Map of the image

  Image Entry point : 0x0800013d

  Load Region LR_IROM1 (Base: 0x08000000, Size: 0x000086d8, Max: 0x00100000, ABSOLUTE, COMPRESSED[0x00007a14])

    Execution Region ER_IROM1 (Exec base: 0x08000000, Load base: 0x08000000, Size: 0x00007934, Max: 0x00100000, ABSOLUTE)

    Exec Addr    Load Addr    Size         Type   Attr      Idx    E Section Name        Object

    0x08000000   0x08000000   0x0000013c   Data   RO            3    RESET               startup_stm32wb55xx_cm4.o
    0x0800013c   0x0800013c   0x00000000   Code   RO         9659  * .ARM.Collect$$$$00000000  mc_w.l(entry.o)
    0x0800013c   0x0800013c   0x00000004   Code   RO         9941    .ARM.Collect$$$$00000001  mc_w.l(entry2.o)
    0x08000140   0x08000140   0x00000004   Code   RO         9944    .ARM.Collect$$$$00000004  mc_w.l(entry5.o)
    0x08000144   0x08000144   0x00000000   Code   RO         9946    .ARM.Collect$$$$00000008  mc_w.l(entry7b.o)
    0x08000144   0x08000144   0x00000000   Code   RO         9948    .ARM.Collect$$$$0000000A  mc_w.l(entry8b.o)
    0x08000144   0x08000144   0x00000008   Code   RO         9949    .ARM.Collect$$$$0000000B  mc_w.l(entry9a.o)
    0x0800014c   0x0800014c   0x00000000   Code   RO         9951    .ARM.Collect$$$$0000000D  mc_w.l(entry10a.o)
    0x0800014c   0x0800014c   0x00000000   Code   RO         9953    .ARM.Collect$$$$0000000F  mc_w.l(entry11a.o)
    0x0800014c   0x0800014c   0x00000004   Code   RO         9942    .ARM.Collect$$$$00002712  mc_w.l(entry2.o)
    0x08000150   0x08000150   0x00000024   Code   RO            4    .text               startup_stm32wb55xx_cm4.o
    0x08000174   0x08000174   0x00000028   Code   RO         9662    .text               mc_w.l(memcpy.o)
    0x0800019c   0x0800019c   0x00000024   Code   RO         9668    .text               mc_w.l(memseta.o)
    0x080001c0   0x080001c0   0x0000000e   Code   RO         9670    .text               mc_w.l(strlen.o)
    0x080001ce   0x080001ce   0x00000002   PAD
    0x080001d0   0x080001d0   0x00000024   Code   RO         9973    .text               mc_w.l(init.o)
    0x080001f4   0x080001f4   0x00000056   Code   RO         9993    .text               mc_w.l(__dczerorl2.o)
    0x0800024a   0x0800024a   0x00000002   PAD
    0x0800024c   0x0800024c   0x00000068   Code   RO         2420    i.ADC_Enable        stm32wbxx_hal_adc.o
    0x080002b4   0x080002b4   0x00000078   Code   RO          421    i.APPE_Init         app_entry.o
    0x0800032c   0x0800032c   0x00000002   Code   RO          422    i.APPE_SysStatusNot  app_entry.o
    0x0800032e   0x0800032e   0x00000016   Code   RO          423    i.APPE_SysUserEvtRx  app_entry.o
    0x08000344   0x08000344   0x000000bc   Code   RO          809    i.APP_BLE_Init      app_ble.o
    0x08000400   0x08000400   0x0000001c   Code   RO          810    i.Adv_Cancel        app_ble.o
    0x0800041c   0x0800041c   0x00000008   Code   RO          811    i.Adv_Cancel_Req    app_ble.o
    0x08000424   0x08000424   0x0000009c   Code   RO          812    i.Adv_Request       app_ble.o
    0x080004c0   0x080004c0   0x00000014   Code   RO          813    i.BLE_StatusNot     app_ble.o
    0x080004d4   0x080004d4   0x00000014   Code   RO          814    i.BLE_UserEvtRx     app_ble.o
    0x080004e8   0x080004e8   0x00000002   Code   RO         7595    i.BLS_Init          svc_ctl.o
    0x080004ea   0x080004ea   0x00000002   PAD
    0x080004ec   0x080004ec   0x00000044   Code   RO          815    i.BleGetBdAddress   app_ble.o
    0x08000530   0x08000530   0x00000130   Code   RO          816    i.Ble_Hci_Gap_Gatt_Init  app_ble.o
    0x08000660   0x08000660   0x00000002   Code   RO         1595    i.BusFault_Handler  stm32wbxx_it.o
    0x08000662   0x08000662   0x00000002   Code   RO         7596    i.CRS_STM_Init      svc_ctl.o
    0x08000664   0x08000664   0x0000002c   Code   RO         8905    i.Cmd_SetStatus     shci_tl.o
    0x08000690   0x08000690   0x00000002   Code   RO         7597    i.DIS_Init          svc_ctl.o
    0x08000692   0x08000692   0x00000002   Code   RO         1596    i.DebugMon_Handler  stm32wbxx_it.o
    0x08000694   0x08000694   0x00000002   Code   RO         7598    i.EDS_STM_Init      svc_ctl.o
    0x08000696   0x08000696   0x00000002   Code   RO           13    i.Error_Handler     main.o
    0x08000698   0x08000698   0x00000006   Code   RO         6991    i.FATFS_LinkDriver  ff_gen_drv.o
    0x0800069e   0x0800069e   0x00000002   PAD
    0x080006a0   0x080006a0   0x00000040   Code   RO         6992    i.FATFS_LinkDriverEx  ff_gen_drv.o
    0x080006e0   0x080006e0   0x000003c4   Code   RO         2422    i.HAL_ADC_ConfigChannel  stm32wbxx_hal_adc.o
    0x08000aa4   0x08000aa4   0x000001ac   Code   RO         2431    i.HAL_ADC_Init      stm32wbxx_hal_adc.o
    0x08000c50   0x08000c50   0x00000018   Code   RO         1684    i.HAL_ADC_MspInit   stm32wbxx_hal_msp.o
    0x08000c68   0x08000c68   0x0000009c   Code   RO         2439    i.HAL_ADC_Start_IT  stm32wbxx_hal_adc.o
    0x08000d04   0x08000d04   0x00000174   Code   RO         1875    i.HAL_GPIO_Init     stm32wbxx_hal_gpio.o
    0x08000e78   0x08000e78   0x0000000a   Code   RO         1879    i.HAL_GPIO_WritePin  stm32wbxx_hal_gpio.o
    0x08000e82   0x08000e82   0x00000002   PAD
    0x08000e84   0x08000e84   0x0000000c   Code   RO         6234    i.HAL_GetTick       stm32wbxx_hal.o
    0x08000e90   0x08000e90   0x0000000c   Code   RO         6236    i.HAL_GetTickPrio   stm32wbxx_hal.o
    0x08000e9c   0x08000e9c   0x00000056   Code   RO         3282    i.HAL_I2CEx_ConfigAnalogFilter  stm32wbxx_hal_i2c_ex.o
    0x08000ef2   0x08000ef2   0x00000052   Code   RO         3283    i.HAL_I2CEx_ConfigDigitalFilter  stm32wbxx_hal_i2c_ex.o
    0x08000f44   0x08000f44   0x000000b8   Code   RO         2836    i.HAL_I2C_Init      stm32wbxx_hal_i2c.o
    0x08000ffc   0x08000ffc   0x0000005c   Code   RO         1686    i.HAL_I2C_MspInit   stm32wbxx_hal_msp.o
    0x08001058   0x08001058   0x00000010   Code   RO         6240    i.HAL_IncTick       stm32wbxx_hal.o
    0x08001068   0x08001068   0x0000002c   Code   RO         6241    i.HAL_Init          stm32wbxx_hal.o
    0x08001094   0x08001094   0x00000040   Code   RO         6242    i.HAL_InitTick      stm32wbxx_hal.o
    0x080010d4   0x080010d4   0x00000018   Code   RO         1687    i.HAL_MspInit       stm32wbxx_hal_msp.o
    0x080010ec   0x080010ec   0x0000001a   Code   RO         6097    i.HAL_NVIC_ClearPendingIRQ  stm32wbxx_hal_cortex.o
    0x08001106   0x08001106   0x00000022   Code   RO         6098    i.HAL_NVIC_DisableIRQ  stm32wbxx_hal_cortex.o
    0x08001128   0x08001128   0x0000001a   Code   RO         6099    i.HAL_NVIC_EnableIRQ  stm32wbxx_hal_cortex.o
    0x08001142   0x08001142   0x0000001a   Code   RO         6103    i.HAL_NVIC_SetPendingIRQ  stm32wbxx_hal_cortex.o
    0x0800115c   0x0800115c   0x00000040   Code   RO         6104    i.HAL_NVIC_SetPriority  stm32wbxx_hal_cortex.o
    0x0800119c   0x0800119c   0x00000024   Code   RO         6105    i.HAL_NVIC_SetPriorityGrouping  stm32wbxx_hal_cortex.o
    0x080011c0   0x080011c0   0x00000024   Code   RO         2153    i.HAL_PCDEx_ActivateLPM  stm32wbxx_hal_pcd_ex.o
    0x080011e4   0x080011e4   0x00000044   Code   RO         1233    i.HAL_PCDEx_LPM_Callback  usbd_conf.o
    0x08001228   0x08001228   0x00000034   Code   RO         2159    i.HAL_PCDEx_PMAConfig  stm32wbxx_hal_pcd_ex.o
    0x0800125c   0x0800125c   0x0000000e   Code   RO         1235    i.HAL_PCD_DataInStageCallback  usbd_conf.o
    0x0800126a   0x0800126a   0x00000010   Code   RO         1236    i.HAL_PCD_DataOutStageCallback  usbd_conf.o
    0x0800127a   0x0800127a   0x00000048   Code   RO         1947    i.HAL_PCD_EP_Close  stm32wbxx_hal_pcd.o
    0x080012c2   0x080012c2   0x00000058   Code   RO         1948    i.HAL_PCD_EP_ClrStall  stm32wbxx_hal_pcd.o
    0x0800131a   0x0800131a   0x00000004   Code   RO         1949    i.HAL_PCD_EP_Flush  stm32wbxx_hal_pcd.o
    0x0800131e   0x0800131e   0x0000000e   Code   RO         1950    i.HAL_PCD_EP_GetRxCount  stm32wbxx_hal_pcd.o
    0x0800132c   0x0800132c   0x0000005c   Code   RO         1951    i.HAL_PCD_EP_Open   stm32wbxx_hal_pcd.o
    0x08001388   0x08001388   0x0000002e   Code   RO         1952    i.HAL_PCD_EP_Receive  stm32wbxx_hal_pcd.o
    0x080013b6   0x080013b6   0x0000006a   Code   RO         1953    i.HAL_PCD_EP_SetStall  stm32wbxx_hal_pcd.o
    0x08001420   0x08001420   0x0000002a   Code   RO         1954    i.HAL_PCD_EP_Transmit  stm32wbxx_hal_pcd.o
    0x0800144a   0x0800144a   0x0000017c   Code   RO         1956    i.HAL_PCD_IRQHandler  stm32wbxx_hal_pcd.o
    0x080015c6   0x080015c6   0x000000aa   Code   RO         1959    i.HAL_PCD_Init      stm32wbxx_hal_pcd.o
    0x08001670   0x08001670   0x00000070   Code   RO         1241    i.HAL_PCD_MspInit   usbd_conf.o
    0x080016e0   0x080016e0   0x00000026   Code   RO         1242    i.HAL_PCD_ResetCallback  usbd_conf.o
    0x08001706   0x08001706   0x00000002   PAD
    0x08001708   0x08001708   0x00000028   Code   RO         1243    i.HAL_PCD_ResumeCallback  usbd_conf.o
    0x08001730   0x08001730   0x00000008   Code   RO         1244    i.HAL_PCD_SOFCallback  usbd_conf.o
    0x08001738   0x08001738   0x00000028   Code   RO         1965    i.HAL_PCD_SetAddress  stm32wbxx_hal_pcd.o
    0x08001760   0x08001760   0x0000000e   Code   RO         1245    i.HAL_PCD_SetupStageCallback  usbd_conf.o
    0x0800176e   0x0800176e   0x0000002a   Code   RO         1967    i.HAL_PCD_Start     stm32wbxx_hal_pcd.o
    0x08001798   0x08001798   0x00000024   Code   RO         1246    i.HAL_PCD_SuspendCallback  usbd_conf.o
    0x080017bc   0x080017bc   0x00000010   Code   RO         5793    i.HAL_PWREx_EnableVddUSB  stm32wbxx_hal_pwr_ex.o
    0x080017cc   0x080017cc   0x00000010   Code   RO         5800    i.HAL_PWREx_GetVoltageRange  stm32wbxx_hal_pwr_ex.o
    0x080017dc   0x080017dc   0x00000010   Code   RO         5648    i.HAL_PWR_EnableBkUpAccess  stm32wbxx_hal_pwr.o
    0x080017ec   0x080017ec   0x0000000e   Code   RO         4867    i.HAL_RCCEx_EnableMSIPLLMode  stm32wbxx_hal_rcc_ex.o
    0x080017fa   0x080017fa   0x00000212   Code   RO         4875    i.HAL_RCCEx_PeriphCLKConfig  stm32wbxx_hal_rcc_ex.o
    0x08001a0c   0x08001a0c   0x000001f0   Code   RO         4670    i.HAL_RCC_ClockConfig  stm32wbxx_hal_rcc.o
    0x08001bfc   0x08001bfc   0x00000024   Code   RO         4676    i.HAL_RCC_GetHCLKFreq  stm32wbxx_hal_rcc.o
    0x08001c20   0x08001c20   0x00000094   Code   RO         4680    i.HAL_RCC_GetSysClockFreq  stm32wbxx_hal_rcc.o
    0x08001cb4   0x08001cb4   0x00000554   Code   RO         4683    i.HAL_RCC_OscConfig  stm32wbxx_hal_rcc.o
    0x08002208   0x08002208   0x000000c8   Code   RO         3344    i.HAL_RTC_Init      stm32wbxx_hal_rtc.o
    0x080022d0   0x080022d0   0x0000001c   Code   RO         1689    i.HAL_RTC_MspInit   stm32wbxx_hal_msp.o
    0x080022ec   0x080022ec   0x00000036   Code   RO         3352    i.HAL_RTC_WaitForSynchro  stm32wbxx_hal_rtc.o
    0x08002322   0x08002322   0x00000028   Code   RO         6109    i.HAL_SYSTICK_Config  stm32wbxx_hal_cortex.o
    0x0800234a   0x0800234a   0x00000002   Code   RO         4400    i.HAL_TIMEx_Break2Callback  stm32wbxx_hal_tim_ex.o
    0x0800234c   0x0800234c   0x00000002   Code   RO         4401    i.HAL_TIMEx_BreakCallback  stm32wbxx_hal_tim_ex.o
    0x0800234e   0x0800234e   0x00000002   Code   RO         4402    i.HAL_TIMEx_CommutCallback  stm32wbxx_hal_tim_ex.o
    0x08002350   0x08002350   0x00000084   Code   RO         4404    i.HAL_TIMEx_ConfigBreakDeadTime  stm32wbxx_hal_tim_ex.o
    0x080023d4   0x080023d4   0x00000058   Code   RO         4421    i.HAL_TIMEx_MasterConfigSynchronization  stm32wbxx_hal_tim_ex.o
    0x0800242c   0x0800242c   0x00000036   Code   RO         3715    i.HAL_TIM_Base_Init  stm32wbxx_hal_tim.o
    0x08002462   0x08002462   0x00000002   PAD
    0x08002464   0x08002464   0x0000002c   Code   RO         1691    i.HAL_TIM_Base_MspInit  stm32wbxx_hal_msp.o
    0x08002490   0x08002490   0x00000002   Code   RO         3744    i.HAL_TIM_IC_CaptureCallback  stm32wbxx_hal_tim.o
    0x08002492   0x08002492   0x00000184   Code   RO         3758    i.HAL_TIM_IRQHandler  stm32wbxx_hal_tim.o
    0x08002616   0x08002616   0x00000072   Code   RO         3759    i.HAL_TIM_OC_ConfigChannel  stm32wbxx_hal_tim.o
    0x08002688   0x08002688   0x00000002   Code   RO         3761    i.HAL_TIM_OC_DelayElapsedCallback  stm32wbxx_hal_tim.o
    0x0800268a   0x0800268a   0x00000036   Code   RO         3763    i.HAL_TIM_OC_Init   stm32wbxx_hal_tim.o
    0x080026c0   0x080026c0   0x0000002c   Code   RO         1693    i.HAL_TIM_OC_MspInit  stm32wbxx_hal_msp.o
    0x080026ec   0x080026ec   0x00000002   Code   RO         3788    i.HAL_TIM_PWM_PulseFinishedCallback  stm32wbxx_hal_tim.o
    0x080026ee   0x080026ee   0x00000002   Code   RO         3796    i.HAL_TIM_PeriodElapsedCallback  stm32wbxx_hal_tim.o
    0x080026f0   0x080026f0   0x00000002   Code   RO         3801    i.HAL_TIM_TriggerCallback  stm32wbxx_hal_tim.o
    0x080026f2   0x080026f2   0x00000002   Code   RO         7599    i.HIDS_Init         svc_ctl.o
    0x080026f4   0x080026f4   0x00000002   Code   RO         7600    i.HRS_Init          svc_ctl.o
    0x080026f6   0x080026f6   0x00000002   Code   RO         7601    i.HTS_Init          svc_ctl.o
    0x080026f8   0x080026f8   0x00000010   Code   RO         1032    i.HW_IPCC_BLE_Init  hw_ipcc.o
    0x08002708   0x08002708   0x00000010   Code   RO         1035    i.HW_IPCC_BLE_SendCmd  hw_ipcc.o
    0x08002718   0x08002718   0x00000014   Code   RO         1036    i.HW_IPCC_Enable    hw_ipcc.o
    0x0800272c   0x0800272c   0x0000003c   Code   RO         1037    i.HW_IPCC_Init      hw_ipcc.o
    0x08002768   0x08002768   0x00000030   Code   RO         1038    i.HW_IPCC_MM_SendFreeBuf  hw_ipcc.o
    0x08002798   0x08002798   0x00000010   Code   RO         1043    i.HW_IPCC_SYS_Init  hw_ipcc.o
    0x080027a8   0x080027a8   0x00000018   Code   RO         1044    i.HW_IPCC_SYS_SendCmd  hw_ipcc.o
    0x080027c0   0x080027c0   0x00000010   Code   RO         1046    i.HW_IPCC_TRACES_Init  hw_ipcc.o
    0x080027d0   0x080027d0   0x00000058   Code   RO          635    i.HW_TS_Create      hw_timerserver.o
    0x08002828   0x08002828   0x0000011c   Code   RO          637    i.HW_TS_Init        hw_timerserver.o
    0x08002944   0x08002944   0x00000080   Code   RO          641    i.HW_TS_Start       hw_timerserver.o
    0x080029c4   0x080029c4   0x000000b8   Code   RO          642    i.HW_TS_Stop        hw_timerserver.o
    0x08002a7c   0x08002a7c   0x00000002   Code   RO         1597    i.HardFault_Handler  stm32wbxx_it.o
    0x08002a7e   0x08002a7e   0x00000002   Code   RO         7602    i.IAS_Init          svc_ctl.o
    0x08002a80   0x08002a80   0x00000038   Code   RO         1448    i.IntToUnicode      usbd_desc.o
    0x08002ab8   0x08002ab8   0x00000002   Code   RO         7603    i.LLS_Init          svc_ctl.o
    0x08002aba   0x08002aba   0x0000000c   Code   RO         2444    i.LL_ADC_GetOffsetChannel  stm32wbxx_hal_adc.o
    0x08002ac6   0x08002ac6   0x00000008   Code   RO         2445    i.LL_ADC_INJ_IsConversionOngoing  stm32wbxx_hal_adc.o
    0x08002ace   0x08002ace   0x00000008   Code   RO         2446    i.LL_ADC_REG_IsConversionOngoing  stm32wbxx_hal_adc.o
    0x08002ad6   0x08002ad6   0x0000001e   Code   RO         2449    i.LL_ADC_SetChannelSamplingTime  stm32wbxx_hal_adc.o
    0x08002af4   0x08002af4   0x00000010   Code   RO         2450    i.LL_ADC_SetOffsetState  stm32wbxx_hal_adc.o
    0x08002b04   0x08002b04   0x00000014   Code   RO           14    i.LL_AHB2_GRP1_EnableClock  main.o
    0x08002b18   0x08002b18   0x00000014   Code   RO         1694    i.LL_AHB2_GRP1_EnableClock  stm32wbxx_hal_msp.o
    0x08002b2c   0x08002b2c   0x00000014   Code   RO         1695    i.LL_APB2_GRP1_EnableClock  stm32wbxx_hal_msp.o
    0x08002b40   0x08002b40   0x0000000e   Code   RO         1048    i.LL_C1_IPCC_IsActiveFlag_CHx  hw_ipcc.o
    0x08002b4e   0x08002b4e   0x0000000c   Code   RO         4685    i.LL_RCC_GetSysClkSource  stm32wbxx_hal_rcc.o
    0x08002b5a   0x08002b5a   0x0000000c   Code   RO         4686    i.LL_RCC_HSE_IsReady  stm32wbxx_hal_rcc.o
    0x08002b66   0x08002b66   0x0000000c   Code   RO         4687    i.LL_RCC_HSI_IsReady  stm32wbxx_hal_rcc.o
    0x08002b72   0x08002b72   0x00000012   Code   RO         4688    i.LL_RCC_HSI_SetCalibTrimming  stm32wbxx_hal_rcc.o
    0x08002b84   0x08002b84   0x0000000e   Code   RO         4885    i.LL_RCC_LSE_IsReady  stm32wbxx_hal_rcc_ex.o
    0x08002b92   0x08002b92   0x0000000e   Code   RO         4689    i.LL_RCC_LSI1_IsReady  stm32wbxx_hal_rcc.o
    0x08002ba0   0x08002ba0   0x00000012   Code   RO         4690    i.LL_RCC_MSI_GetRange  stm32wbxx_hal_rcc.o
    0x08002bb2   0x08002bb2   0x0000000c   Code   RO         4691    i.LL_RCC_MSI_IsReady  stm32wbxx_hal_rcc.o
    0x08002bbe   0x08002bbe   0x00000012   Code   RO         4692    i.LL_RCC_MSI_SetCalibTrimming  stm32wbxx_hal_rcc.o
    0x08002bd0   0x08002bd0   0x00000010   Code   RO         4693    i.LL_RCC_MSI_SetRange  stm32wbxx_hal_rcc.o
    0x08002be0   0x08002be0   0x0000000e   Code   RO         4889    i.LL_RCC_PLLSAI1_Disable  stm32wbxx_hal_rcc_ex.o
    0x08002bee   0x08002bee   0x0000000e   Code   RO         4890    i.LL_RCC_PLLSAI1_Enable  stm32wbxx_hal_rcc_ex.o
    0x08002bfc   0x08002bfc   0x0000000c   Code   RO         4892    i.LL_RCC_PLLSAI1_IsReady  stm32wbxx_hal_rcc_ex.o
    0x08002c08   0x08002c08   0x0000000c   Code   RO         4694    i.LL_RCC_PLL_GetMainSource  stm32wbxx_hal_rcc.o
    0x08002c14   0x08002c14   0x0000000c   Code   RO         4695    i.LL_RCC_PLL_IsReady  stm32wbxx_hal_rcc.o
    0x08002c20   0x08002c20   0x00000012   Code   RO         4896    i.LL_RCC_SetCLK48ClockSource  stm32wbxx_hal_rcc_ex.o
    0x08002c32   0x08002c32   0x0000001e   Code   RO         4897    i.LL_RCC_SetI2CClockSource  stm32wbxx_hal_rcc_ex.o
    0x08002c50   0x08002c50   0x00000016   Code   RO         4898    i.LL_RCC_SetLPTIMClockSource  stm32wbxx_hal_rcc_ex.o
    0x08002c66   0x08002c66   0x00000012   Code   RO         4899    i.LL_RCC_SetRNGClockSource  stm32wbxx_hal_rcc_ex.o
    0x08002c78   0x08002c78   0x00000006   Code   RO         7418    i.LST_init_head     stm_list.o
    0x08002c7e   0x08002c7e   0x00000018   Code   RO         7419    i.LST_insert_head   stm_list.o
    0x08002c96   0x08002c96   0x00000018   Code   RO         7422    i.LST_insert_tail   stm_list.o
    0x08002cae   0x08002cae   0x00000018   Code   RO         7423    i.LST_is_empty      stm_list.o
    0x08002cc6   0x08002cc6   0x00000018   Code   RO         7424    i.LST_remove_head   stm_list.o
    0x08002cde   0x08002cde   0x00000016   Code   RO         7425    i.LST_remove_node   stm_list.o
    0x08002cf4   0x08002cf4   0x0000003c   Code   RO          643    i.LinkTimerBefore   hw_timerserver.o
    0x08002d30   0x08002d30   0x00000002   Code   RO         7604    i.MESH_Init         svc_ctl.o
    0x08002d32   0x08002d32   0x00000042   Code   RO         9321    i.MSC_BOT_Abort     usbd_msc_bot.o
    0x08002d74   0x08002d74   0x000000cc   Code   RO         9322    i.MSC_BOT_CBW_Decode  usbd_msc_bot.o
    0x08002e40   0x08002e40   0x0000002a   Code   RO         9323    i.MSC_BOT_CplClrFeature  usbd_msc_bot.o
    0x08002e6a   0x08002e6a   0x0000003a   Code   RO         9324    i.MSC_BOT_DataIn    usbd_msc_bot.o
    0x08002ea4   0x08002ea4   0x0000003a   Code   RO         9325    i.MSC_BOT_DataOut   usbd_msc_bot.o
    0x08002ede   0x08002ede   0x0000000a   Code   RO         9326    i.MSC_BOT_DeInit    usbd_msc_bot.o
    0x08002ee8   0x08002ee8   0x00000042   Code   RO         9327    i.MSC_BOT_Init      usbd_msc_bot.o
    0x08002f2a   0x08002f2a   0x00000016   Code   RO         9328    i.MSC_BOT_Reset     usbd_msc_bot.o
    0x08002f40   0x08002f40   0x0000003c   Code   RO         9329    i.MSC_BOT_SendCSW   usbd_msc_bot.o
    0x08002f7c   0x08002f7c   0x00000068   Code   RO           15    i.MX_ADC1_Init      main.o
    0x08002fe4   0x08002fe4   0x00000028   Code   RO          377    i.MX_FATFS_Init     app_fatfs.o
    0x0800300c   0x0800300c   0x000000b8   Code   RO           16    i.MX_GPIO_Init      main.o
    0x080030c4   0x080030c4   0x00000044   Code   RO           17    i.MX_I2C1_Init      main.o
    0x08003108   0x08003108   0x00000088   Code   RO           18    i.MX_TIM1_Init      main.o
    0x08003190   0x08003190   0x00000054   Code   RO         1174    i.MX_USB_Device_Init  usb_device.o
    0x080031e4   0x080031e4   0x00000002   Code   RO         1598    i.MemManage_Handler  stm32wbxx_it.o
    0x080031e6   0x080031e6   0x00000002   Code   RO         1599    i.NMI_Handler       stm32wbxx_it.o
    0x080031e8   0x080031e8   0x0000001c   Code   RO         8829    i.NotifyCmdStatus   hci_tl.o
    0x08003204   0x08003204   0x00000002   Code   RO         7605    i.OTAS_STM_Init     svc_ctl.o
    0x08003206   0x08003206   0x00000002   PAD
    0x08003208   0x08003208   0x00000028   Code   RO         7388    i.OTP_Read          otp.o
    0x08003230   0x08003230   0x00000004   Code   RO         7569    i.Osal_MemCpy       osal.o
    0x08003234   0x08003234   0x00000004   Code   RO         7570    i.Osal_MemSet       osal.o
    0x08003238   0x08003238   0x00000002   Code   RO          995    i.P2PS_APP_Init     p2p_server_app.o
    0x0800323a   0x0800323a   0x00000002   Code   RO          996    i.P2PS_APP_Notification  p2p_server_app.o
    0x0800323c   0x0800323c   0x00000002   Code   RO          997    i.P2PS_STM_App_Notification  p2p_server_app.o
    0x0800323e   0x0800323e   0x00000002   PAD
    0x08003240   0x08003240   0x00000180   Code   RO         8793    i.P2PS_STM_Init     p2p_stm.o
    0x080033c0   0x080033c0   0x0000029c   Code   RO         1970    i.PCD_EP_ISR_Handler  stm32wbxx_hal_pcd.o
    0x0800365c   0x0800365c   0x00000064   Code   RO         8794    i.PeerToPeer_Event_Handler  p2p_stm.o
    0x080036c0   0x080036c0   0x00000002   Code   RO         1600    i.PendSV_Handler    stm32wbxx_it.o
    0x080036c2   0x080036c2   0x00000074   Code   RO         4900    i.RCCEx_PLLSAI1_ConfigNP  stm32wbxx_hal_rcc_ex.o
    0x08003736   0x08003736   0x00000074   Code   RO         4901    i.RCCEx_PLLSAI1_ConfigNQ  stm32wbxx_hal_rcc_ex.o
    0x080037aa   0x080037aa   0x00000074   Code   RO         4902    i.RCCEx_PLLSAI1_ConfigNR  stm32wbxx_hal_rcc_ex.o
    0x0800381e   0x0800381e   0x00000002   PAD
    0x08003820   0x08003820   0x00000090   Code   RO         4696    i.RCC_SetFlashLatency  stm32wbxx_hal_rcc.o
    0x080038b0   0x080038b0   0x0000004c   Code   RO         4697    i.RCC_SetFlashLatencyFromMSIRange  stm32wbxx_hal_rcc.o
    0x080038fc   0x080038fc   0x0000003a   Code   RO         3355    i.RTC_EnterInitMode  stm32wbxx_hal_rtc.o
    0x08003936   0x08003936   0x00000002   PAD
    0x08003938   0x08003938   0x00000018   Code   RO          644    i.ReadRtcSsrValue   hw_timerserver.o
    0x08003950   0x08003950   0x0000009c   Code   RO          645    i.RescheduleTimerList  hw_timerserver.o
    0x080039ec   0x080039ec   0x00000084   Code   RO          646    i.RestartWakeupCounter  hw_timerserver.o
    0x08003a70   0x08003a70   0x00000038   Code   RO          647    i.ReturnTimeElapsed  hw_timerserver.o
    0x08003aa8   0x08003aa8   0x00000022   Code   RO         9417    i.SCSI_CheckAddressRange  usbd_msc_scsi.o
    0x08003aca   0x08003aca   0x00000002   PAD
    0x08003acc   0x08003acc   0x000001d0   Code   RO         9418    i.SCSI_ProcessCmd   usbd_msc_scsi.o
    0x08003c9c   0x08003c9c   0x00000096   Code   RO         9419    i.SCSI_ProcessRead  usbd_msc_scsi.o
    0x08003d32   0x08003d32   0x000000a4   Code   RO         9420    i.SCSI_ProcessWrite  usbd_msc_scsi.o
    0x08003dd6   0x08003dd6   0x0000009a   Code   RO         9421    i.SCSI_Read10       usbd_msc_scsi.o
    0x08003e70   0x08003e70   0x00000056   Code   RO         9422    i.SCSI_ReadCapacity10  usbd_msc_scsi.o
    0x08003ec6   0x08003ec6   0x0000006e   Code   RO         9423    i.SCSI_ReadFormatCapacity  usbd_msc_scsi.o
    0x08003f34   0x08003f34   0x00000034   Code   RO         9424    i.SCSI_SenseCode    usbd_msc_scsi.o
    0x08003f68   0x08003f68   0x000000be   Code   RO         9425    i.SCSI_Write10      usbd_msc_scsi.o
    0x08004026   0x08004026   0x0000001a   Code   RO         7195    i.SHCI_C2_BLE_Init  shci.o
    0x08004040   0x08004040   0x0000000e   Code   RO         1534    i.STORAGE_GetCapacity_FS  usbd_storage_if.o
    0x0800404e   0x0800404e   0x00000004   Code   RO         1535    i.STORAGE_GetMaxLun_FS  usbd_storage_if.o
    0x08004052   0x08004052   0x00000004   Code   RO         1536    i.STORAGE_Init_FS   usbd_storage_if.o
    0x08004056   0x08004056   0x00000004   Code   RO         1537    i.STORAGE_IsReady_FS  usbd_storage_if.o
    0x0800405a   0x0800405a   0x00000004   Code   RO         1538    i.STORAGE_IsWriteProtected_FS  usbd_storage_if.o
    0x0800405e   0x0800405e   0x00000004   Code   RO         1539    i.STORAGE_Read_FS   usbd_storage_if.o
    0x08004062   0x08004062   0x00000004   Code   RO         1540    i.STORAGE_Write_FS  usbd_storage_if.o
    0x08004066   0x08004066   0x00000002   PAD
    0x08004068   0x08004068   0x00000090   Code   RO          817    i.SVCCTL_App_Notification  app_ble.o
    0x080040f8   0x080040f8   0x0000004c   Code   RO         7607    i.SVCCTL_Init       svc_ctl.o
    0x08004144   0x08004144   0x00000002   Code   RO         7608    i.SVCCTL_InitCustomSvc  svc_ctl.o
    0x08004146   0x08004146   0x00000002   PAD
    0x08004148   0x08004148   0x00000014   Code   RO         7610    i.SVCCTL_RegisterSvcHandler  svc_ctl.o
    0x0800415c   0x0800415c   0x00000054   Code   RO         7611    i.SVCCTL_UserEvtRx  svc_ctl.o
    0x080041b0   0x080041b0   0x00000002   Code   RO         1601    i.SVC_Handler       stm32wbxx_it.o
    0x080041b2   0x080041b2   0x00000002   PAD
    0x080041b4   0x080041b4   0x0000002c   Code   RO         7070    i.SendFreeBuf       tl_mbox.o
    0x080041e0   0x080041e0   0x00000002   Code   RO          819    i.Switch_OFF_GPIO   app_ble.o
    0x080041e2   0x080041e2   0x00000004   Code   RO         1602    i.SysTick_Handler   stm32wbxx_it.o
    0x080041e6   0x080041e6   0x00000002   PAD
    0x080041e8   0x080041e8   0x000000e8   Code   RO           19    i.SystemClock_Config  main.o
    0x080042d0   0x080042d0   0x0000009c   Code   RO         6565    i.SystemCoreClockUpdate  system_stm32wbxx.o
    0x0800436c   0x0800436c   0x00000064   Code   RO         6566    i.SystemInit        system_stm32wbxx.o
    0x080043d0   0x080043d0   0x0000001c   Code   RO         1603    i.TIM1_TRG_COM_TIM17_IRQHandler  stm32wbxx_it.o
    0x080043ec   0x080043ec   0x0000006c   Code   RO         3803    i.TIM_Base_SetConfig  stm32wbxx_hal_tim.o
    0x08004458   0x08004458   0x00000078   Code   RO         3816    i.TIM_OC1_SetConfig  stm32wbxx_hal_tim.o
    0x080044d0   0x080044d0   0x00000078   Code   RO         3817    i.TIM_OC2_SetConfig  stm32wbxx_hal_tim.o
    0x08004548   0x08004548   0x00000074   Code   RO         3818    i.TIM_OC3_SetConfig  stm32wbxx_hal_tim.o
    0x080045bc   0x080045bc   0x00000060   Code   RO         3819    i.TIM_OC4_SetConfig  stm32wbxx_hal_tim.o
    0x0800461c   0x0800461c   0x0000005c   Code   RO         3820    i.TIM_OC5_SetConfig  stm32wbxx_hal_tim.o
    0x08004678   0x08004678   0x0000005c   Code   RO         3821    i.TIM_OC6_SetConfig  stm32wbxx_hal_tim.o
    0x080046d4   0x080046d4   0x00000040   Code   RO         7071    i.TL_BLE_Init       tl_mbox.o
    0x08004714   0x08004714   0x00000018   Code   RO         7073    i.TL_BLE_SendCmd    tl_mbox.o
    0x0800472c   0x0800472c   0x00000004   Code   RO         7074    i.TL_Enable         tl_mbox.o
    0x08004730   0x08004730   0x00000030   Code   RO         7075    i.TL_Init           tl_mbox.o
    0x08004760   0x08004760   0x0000001c   Code   RO         7076    i.TL_MM_EvtDone     tl_mbox.o
    0x0800477c   0x0800477c   0x00000044   Code   RO         7077    i.TL_MM_Init        tl_mbox.o
    0x080047c0   0x080047c0   0x00000034   Code   RO         7078    i.TL_SYS_Init       tl_mbox.o
    0x080047f4   0x080047f4   0x00000018   Code   RO         7079    i.TL_SYS_SendCmd    tl_mbox.o
    0x0800480c   0x0800480c   0x00000020   Code   RO         7081    i.TL_TRACES_Init    tl_mbox.o
    0x0800482c   0x0800482c   0x00000002   Code   RO         7612    i.TPS_Init          svc_ctl.o
    0x0800482e   0x0800482e   0x00000006   Code   RO         8906    i.TlCmdEvtReceived  shci_tl.o
    0x08004834   0x08004834   0x00000038   Code   RO         8830    i.TlEvtReceived     hci_tl.o
    0x0800486c   0x0800486c   0x00000018   Code   RO         8907    i.TlUserEvtReceived  shci_tl.o
    0x08004884   0x08004884   0x0000000e   Code   RO         8973    i.USBD_ClrClassConfig  usbd_core.o
    0x08004892   0x08004892   0x00000010   Code   RO         9176    i.USBD_CtlContinueRx  usbd_ioreq.o
    0x080048a2   0x080048a2   0x00000010   Code   RO         9177    i.USBD_CtlContinueSendData  usbd_ioreq.o
    0x080048b2   0x080048b2   0x00000016   Code   RO         9111    i.USBD_CtlError     usbd_ctlreq.o
    0x080048c8   0x080048c8   0x00000016   Code   RO         9179    i.USBD_CtlReceiveStatus  usbd_ioreq.o
    0x080048de   0x080048de   0x0000001a   Code   RO         9180    i.USBD_CtlSendData  usbd_ioreq.o
    0x080048f8   0x080048f8   0x00000016   Code   RO         9181    i.USBD_CtlSendStatus  usbd_ioreq.o
    0x0800490e   0x0800490e   0x000000fc   Code   RO         9112    i.USBD_GetDescriptor  usbd_ctlreq.o
    0x08004a0a   0x08004a0a   0x00000048   Code   RO         9113    i.USBD_GetString    usbd_ctlreq.o
    0x08004a52   0x08004a52   0x00000018   Code   RO         1247    i.USBD_Get_USB_Status  usbd_conf.o
    0x08004a6a   0x08004a6a   0x0000002a   Code   RO         8975    i.USBD_Init         usbd_core.o
    0x08004a94   0x08004a94   0x00000012   Code   RO         1248    i.USBD_LL_ClearStallEP  usbd_conf.o
    0x08004aa6   0x08004aa6   0x00000012   Code   RO         1249    i.USBD_LL_CloseEP   usbd_conf.o
    0x08004ab8   0x08004ab8   0x000000c6   Code   RO         8976    i.USBD_LL_DataInStage  usbd_core.o
    0x08004b7e   0x08004b7e   0x00000082   Code   RO         8977    i.USBD_LL_DataOutStage  usbd_core.o
    0x08004c00   0x08004c00   0x00000012   Code   RO         1252    i.USBD_LL_FlushEP   usbd_conf.o
    0x08004c12   0x08004c12   0x00000008   Code   RO         1253    i.USBD_LL_GetRxDataSize  usbd_conf.o
    0x08004c1a   0x08004c1a   0x00000002   PAD
    0x08004c1c   0x08004c1c   0x00000078   Code   RO         1254    i.USBD_LL_Init      usbd_conf.o
    0x08004c94   0x08004c94   0x0000001c   Code   RO         1255    i.USBD_LL_IsStallEP  usbd_conf.o
    0x08004cb0   0x08004cb0   0x00000018   Code   RO         1256    i.USBD_LL_OpenEP    usbd_conf.o
    0x08004cc8   0x08004cc8   0x00000012   Code   RO         1257    i.USBD_LL_PrepareReceive  usbd_conf.o
    0x08004cda   0x08004cda   0x00000050   Code   RO         8982    i.USBD_LL_Reset     usbd_core.o
    0x08004d2a   0x08004d2a   0x00000014   Code   RO         8983    i.USBD_LL_Resume    usbd_core.o
    0x08004d3e   0x08004d3e   0x00000018   Code   RO         8984    i.USBD_LL_SOF       usbd_core.o
    0x08004d56   0x08004d56   0x00000006   Code   RO         8985    i.USBD_LL_SetSpeed  usbd_core.o
    0x08004d5c   0x08004d5c   0x00000012   Code   RO         1258    i.USBD_LL_SetUSBAddress  usbd_conf.o
    0x08004d6e   0x08004d6e   0x0000005a   Code   RO         8986    i.USBD_LL_SetupStage  usbd_core.o
    0x08004dc8   0x08004dc8   0x00000012   Code   RO         1259    i.USBD_LL_StallEP   usbd_conf.o
    0x08004dda   0x08004dda   0x00000012   Code   RO         1260    i.USBD_LL_Start     usbd_conf.o
    0x08004dec   0x08004dec   0x00000012   Code   RO         8987    i.USBD_LL_Suspend   usbd_core.o
    0x08004dfe   0x08004dfe   0x00000012   Code   RO         1262    i.USBD_LL_Transmit  usbd_conf.o
    0x08004e10   0x08004e10   0x00000020   Code   RO         1449    i.USBD_MSC_ConfigStrDescriptor  usbd_desc.o
    0x08004e30   0x08004e30   0x0000000a   Code   RO         9236    i.USBD_MSC_DataIn   usbd_msc.o
    0x08004e3a   0x08004e3a   0x0000000a   Code   RO         9237    i.USBD_MSC_DataOut  usbd_msc.o
    0x08004e44   0x08004e44   0x00000032   Code   RO         9238    i.USBD_MSC_DeInit   usbd_msc.o
    0x08004e76   0x08004e76   0x00000002   PAD
    0x08004e78   0x08004e78   0x0000000c   Code   RO         1450    i.USBD_MSC_DeviceDescriptor  usbd_desc.o
    0x08004e84   0x08004e84   0x0000000c   Code   RO         9239    i.USBD_MSC_GetDeviceQualifierDescriptor  usbd_msc.o
    0x08004e90   0x08004e90   0x0000000c   Code   RO         9240    i.USBD_MSC_GetFSCfgDesc  usbd_msc.o
    0x08004e9c   0x08004e9c   0x0000000c   Code   RO         9241    i.USBD_MSC_GetHSCfgDesc  usbd_msc.o
    0x08004ea8   0x08004ea8   0x0000000c   Code   RO         9242    i.USBD_MSC_GetOtherSpeedCfgDesc  usbd_msc.o
    0x08004eb4   0x08004eb4   0x0000005c   Code   RO         9243    i.USBD_MSC_Init     usbd_msc.o
    0x08004f10   0x08004f10   0x00000024   Code   RO         1451    i.USBD_MSC_InterfaceStrDescriptor  usbd_desc.o
    0x08004f34   0x08004f34   0x0000000c   Code   RO         1452    i.USBD_MSC_LangIDStrDescriptor  usbd_desc.o
    0x08004f40   0x08004f40   0x00000028   Code   RO         1453    i.USBD_MSC_ManufacturerStrDescriptor  usbd_desc.o
    0x08004f68   0x08004f68   0x00000028   Code   RO         1454    i.USBD_MSC_ProductStrDescriptor  usbd_desc.o
    0x08004f90   0x08004f90   0x0000000a   Code   RO         9244    i.USBD_MSC_RegisterStorage  usbd_msc.o
    0x08004f9a   0x08004f9a   0x00000002   PAD
    0x08004f9c   0x08004f9c   0x00000038   Code   RO         1455    i.USBD_MSC_SerialStrDescriptor  usbd_desc.o
    0x08004fd4   0x08004fd4   0x00000116   Code   RO         9245    i.USBD_MSC_Setup    usbd_msc.o
    0x080050ea   0x080050ea   0x00000028   Code   RO         9114    i.USBD_ParseSetupRequest  usbd_ctlreq.o
    0x08005112   0x08005112   0x00000010   Code   RO         8988    i.USBD_RegisterClass  usbd_core.o
    0x08005122   0x08005122   0x00000016   Code   RO         8990    i.USBD_SetClassConfig  usbd_core.o
    0x08005138   0x08005138   0x00000084   Code   RO         9115    i.USBD_SetConfig    usbd_ctlreq.o
    0x080051bc   0x080051bc   0x0000000a   Code   RO         8991    i.USBD_Start        usbd_core.o
    0x080051c6   0x080051c6   0x00000112   Code   RO         9116    i.USBD_StdDevReq    usbd_ctlreq.o
    0x080052d8   0x080052d8   0x00000150   Code   RO         9117    i.USBD_StdEPReq     usbd_ctlreq.o
    0x08005428   0x08005428   0x0000004e   Code   RO         9118    i.USBD_StdItfReq    usbd_ctlreq.o
    0x08005476   0x08005476   0x00000002   Code   RO         1263    i.USBD_static_free  usbd_conf.o
    0x08005478   0x08005478   0x00000008   Code   RO         1264    i.USBD_static_malloc  usbd_conf.o
    0x08005480   0x08005480   0x00000260   Code   RO         2218    i.USB_ActivateEndpoint  stm32wbxx_ll_usb.o
    0x080056e0   0x080056e0   0x0000010e   Code   RO         2223    i.USB_DeactivateEndpoint  stm32wbxx_ll_usb.o
    0x080057ee   0x080057ee   0x0000000e   Code   RO         2224    i.USB_DevConnect    stm32wbxx_ll_usb.o
    0x080057fc   0x080057fc   0x0000001e   Code   RO         2226    i.USB_DevInit       stm32wbxx_ll_usb.o
    0x0800581a   0x0800581a   0x00000010   Code   RO         2227    i.USB_DisableGlobalInt  stm32wbxx_ll_usb.o
    0x0800582a   0x0800582a   0x00000004   Code   RO         2228    i.USB_EP0_OutStart  stm32wbxx_ll_usb.o
    0x0800582e   0x0800582e   0x00000078   Code   RO         2229    i.USB_EPClearStall  stm32wbxx_ll_usb.o
    0x080058a6   0x080058a6   0x00000032   Code   RO         2230    i.USB_EPSetStall    stm32wbxx_ll_usb.o
    0x080058d8   0x080058d8   0x00000182   Code   RO         2231    i.USB_EPStartXfer   stm32wbxx_ll_usb.o
    0x08005a5a   0x08005a5a   0x00000010   Code   RO         2232    i.USB_EnableGlobalInt  stm32wbxx_ll_usb.o
    0x08005a6a   0x08005a6a   0x00000002   PAD
    0x08005a6c   0x08005a6c   0x0000000c   Code   RO         1604    i.USB_LP_IRQHandler  stm32wbxx_it.o
    0x08005a78   0x08005a78   0x00000006   Code   RO         2239    i.USB_ReadInterrupts  stm32wbxx_ll_usb.o
    0x08005a7e   0x08005a7e   0x00000028   Code   RO         2240    i.USB_ReadPMA       stm32wbxx_ll_usb.o
    0x08005aa6   0x08005aa6   0x0000000c   Code   RO         2243    i.USB_SetDevAddress  stm32wbxx_ll_usb.o
    0x08005ab2   0x08005ab2   0x00000002   PAD
    0x08005ab4   0x08005ab4   0x00000026   Code   RO         2246    i.USB_WritePMA      stm32wbxx_ll_usb.o
    0x08005ada   0x08005ada   0x00000002   PAD
    0x08005adc   0x08005adc   0x00000010   Code   RO          310    i.USER_initialize   user_diskio.o
    0x08005aec   0x08005aec   0x00000004   Code   RO          311    i.USER_ioctl        user_diskio.o
    0x08005af0   0x08005af0   0x00000004   Code   RO          312    i.USER_read         user_diskio.o
    0x08005af4   0x08005af4   0x00000010   Code   RO          313    i.USER_status       user_diskio.o
    0x08005b04   0x08005b04   0x00000004   Code   RO          314    i.USER_write        user_diskio.o
    0x08005b08   0x08005b08   0x00000010   Code   RO         9489    i.UTIL_LPM_Init     stm32_lpm.o
    0x08005b18   0x08005b18   0x00000024   Code   RO         9490    i.UTIL_LPM_SetOffMode  stm32_lpm.o
    0x08005b3c   0x08005b3c   0x00000008   Code   RO          424    i.UTIL_SEQ_EvtIdle  app_entry.o
    0x08005b44   0x08005b44   0x00000002   Code   RO          425    i.UTIL_SEQ_Idle     app_entry.o
    0x08005b46   0x08005b46   0x00000002   PAD
    0x08005b48   0x08005b48   0x00000018   Code   RO         9551    i.UTIL_SEQ_PauseTask  stm32_seq.o
    0x08005b60   0x08005b60   0x00000002   Code   RO         9552    i.UTIL_SEQ_PostIdle  stm32_seq.o
    0x08005b62   0x08005b62   0x00000002   Code   RO         9553    i.UTIL_SEQ_PreIdle  stm32_seq.o
    0x08005b64   0x08005b64   0x00000020   Code   RO         9554    i.UTIL_SEQ_RegTask  stm32_seq.o
    0x08005b84   0x08005b84   0x00000018   Code   RO         9555    i.UTIL_SEQ_ResumeTask  stm32_seq.o
    0x08005b9c   0x08005b9c   0x000000d8   Code   RO         9556    i.UTIL_SEQ_Run      stm32_seq.o
    0x08005c74   0x08005c74   0x00000018   Code   RO         9557    i.UTIL_SEQ_SetEvt   stm32_seq.o
    0x08005c8c   0x08005c8c   0x0000002c   Code   RO         9558    i.UTIL_SEQ_SetTask  stm32_seq.o
    0x08005cb8   0x08005cb8   0x0000002c   Code   RO         9559    i.UTIL_SEQ_WaitEvt  stm32_seq.o
    0x08005ce4   0x08005ce4   0x00000058   Code   RO          648    i.UnlinkTimer       hw_timerserver.o
    0x08005d3c   0x08005d3c   0x00000002   Code   RO         1605    i.UsageFault_Handler  stm32wbxx_it.o
    0x08005d3e   0x08005d3e   0x00000020   Code   RO         6111    i.__NVIC_SetPriority  stm32wbxx_hal_cortex.o
    0x08005d5e   0x08005d5e   0x0000000e   Code   RO         9987    i.__scatterload_copy  mc_w.l(handlers.o)
    0x08005d6c   0x08005d6c   0x00000002   Code   RO         9988    i.__scatterload_null  mc_w.l(handlers.o)
    0x08005d6e   0x08005d6e   0x0000000e   Code   RO         9989    i.__scatterload_zeroinit  mc_w.l(handlers.o)
    0x08005d7c   0x08005d7c   0x00000040   Code   RO         7731    i.aci_gap_configure_whitelist  ble_gap_aci.o
    0x08005dbc   0x08005dbc   0x00000084   Code   RO         7737    i.aci_gap_init      ble_gap_aci.o
    0x08005e40   0x08005e40   0x00000072   Code   RO         7745    i.aci_gap_set_authentication_requirement  ble_gap_aci.o
    0x08005eb2   0x08005eb2   0x000000a2   Code   RO         7749    i.aci_gap_set_discoverable  ble_gap_aci.o
    0x08005f54   0x08005f54   0x0000004a   Code   RO         7751    i.aci_gap_set_io_capability  ble_gap_aci.o
    0x08005f9e   0x08005f9e   0x00000040   Code   RO         7754    i.aci_gap_set_non_discoverable  ble_gap_aci.o
    0x08005fde   0x08005fde   0x00000058   Code   RO         7768    i.aci_gap_update_adv_data  ble_gap_aci.o
    0x08006036   0x08006036   0x000000be   Code   RO         8003    i.aci_gatt_add_char  ble_gatt_aci.o
    0x080060f4   0x080060f4   0x000000aa   Code   RO         8005    i.aci_gatt_add_service  ble_gatt_aci.o
    0x0800619e   0x0800619e   0x00000042   Code   RO         8020    i.aci_gatt_init     ble_gatt_aci.o
    0x080061e0   0x080061e0   0x0000006c   Code   RO         8033    i.aci_gatt_update_char_value  ble_gatt_aci.o
    0x0800624c   0x0800624c   0x0000004a   Code   RO         8284    i.aci_hal_set_radio_activity_mask  ble_hal_aci.o
    0x08006296   0x08006296   0x00000050   Code   RO         8286    i.aci_hal_set_tx_power_level  ble_hal_aci.o
    0x080062e6   0x080062e6   0x00000062   Code   RO         8290    i.aci_hal_write_config_data  ble_hal_aci.o
    0x08006348   0x08006348   0x00000030   Code   RO         9560    i.bit_position      stm32_seq.o
    0x08006378   0x08006378   0x00000070   Code   RO         6659    i.check_fs          ff.o
    0x080063e8   0x080063e8   0x0000005c   Code   RO         6660    i.chk_lock          ff.o
    0x08006444   0x08006444   0x00000020   Code   RO         6661    i.clear_lock        ff.o
    0x08006464   0x08006464   0x00000018   Code   RO         6663    i.clust2sect        ff.o
    0x0800647c   0x0800647c   0x000000a4   Code   RO         6664    i.create_chain      ff.o
    0x08006520   0x08006520   0x000000bc   Code   RO         6665    i.create_name       ff.o
    0x080065dc   0x080065dc   0x00000064   Code   RO         6667    i.dir_find          ff.o
    0x08006640   0x08006640   0x000000f4   Code   RO         6668    i.dir_next          ff.o
    0x08006734   0x08006734   0x00000066   Code   RO         6670    i.dir_register      ff.o
    0x0800679a   0x0800679a   0x00000082   Code   RO         6672    i.dir_sdi           ff.o
    0x0800681c   0x0800681c   0x00000028   Code   RO         6604    i.disk_initialize   diskio.o
    0x08006844   0x08006844   0x0000001c   Code   RO         6606    i.disk_read         diskio.o
    0x08006860   0x08006860   0x00000018   Code   RO         6607    i.disk_status       diskio.o
    0x08006878   0x08006878   0x0000001c   Code   RO         6608    i.disk_write        diskio.o
    0x08006894   0x08006894   0x0000020c   Code   RO         6681    i.f_open            ff.o
    0x08006aa0   0x08006aa0   0x00000254   Code   RO         6694    i.find_volume       ff.o
    0x08006cf4   0x08006cf4   0x00000074   Code   RO         6695    i.follow_path       ff.o
    0x08006d68   0x08006d68   0x000000be   Code   RO         6696    i.get_fat           ff.o
    0x08006e26   0x08006e26   0x00000004   Code   RO          379    i.get_fattime       app_fatfs.o
    0x08006e2a   0x08006e2a   0x0000003c   Code   RO         6698    i.get_ldnumber      ff.o
    0x08006e66   0x08006e66   0x00000006   Code   RO          820    i.hci_cmd_resp_release  app_ble.o
    0x08006e6c   0x08006e6c   0x00000006   Code   RO          821    i.hci_cmd_resp_wait  app_ble.o
    0x08006e72   0x08006e72   0x00000002   PAD
    0x08006e74   0x08006e74   0x00000050   Code   RO         8831    i.hci_init          hci_tl.o
    0x08006ec4   0x08006ec4   0x00000068   Code   RO         8418    i.hci_le_read_phy   ble_hci_le.o
    0x08006f2c   0x08006f2c   0x00000054   Code   RO         8432    i.hci_le_set_default_phy  ble_hci_le.o
    0x08006f80   0x08006f80   0x00000008   Code   RO          822    i.hci_notify_asynch_evt  app_ble.o
    0x08006f88   0x08006f88   0x00000014   Code   RO         8893    i.hci_register_io_bus  hci_tl_if.o
    0x08006f9c   0x08006f9c   0x0000003e   Code   RO         8452    i.hci_reset         ble_hci_le.o
    0x08006fda   0x08006fda   0x00000002   PAD
    0x08006fdc   0x08006fdc   0x000000b4   Code   RO         8833    i.hci_send_req      hci_tl.o
    0x08007090   0x08007090   0x00000058   Code   RO         8834    i.hci_user_evt_proc  hci_tl.o
    0x080070e8   0x080070e8   0x00000080   Code   RO         6699    i.inc_lock          ff.o
    0x08007168   0x08007168   0x00000026   Code   RO         6700    i.ld_clust          ff.o
    0x0800718e   0x0800718e   0x00000016   Code   RO         6701    i.ld_dword          ff.o
    0x080071a4   0x080071a4   0x0000000a   Code   RO         6702    i.ld_word           ff.o
    0x080071ae   0x080071ae   0x00000002   PAD
    0x080071b0   0x080071b0   0x000000ac   Code   RO          649    i.linkTimer         hw_timerserver.o
    0x0800725c   0x0800725c   0x00000098   Code   RO           20    i.main              main.o
    0x080072f4   0x080072f4   0x00000012   Code   RO         6703    i.mem_cpy           ff.o
    0x08007306   0x08007306   0x00000002   PAD
    0x08007308   0x08007308   0x0000000e   Code   RO         6704    i.mem_set           ff.o
    0x08007316   0x08007316   0x00000032   Code   RO         6705    i.move_window       ff.o
    0x08007348   0x08007348   0x00000028   Code   RO         1783    i.pke_charge_transfer_init  pke_charge_transfer.o
    0x08007370   0x08007370   0x00000078   Code   RO         1788    i.pke_ct_timer_init  pke_charge_transfer.o
    0x080073e8   0x080073e8   0x00000010   Code   RO         1840    i.pke_si7021_handler_init  pke_si7021_handler.o
    0x080073f8   0x080073f8   0x000000ea   Code   RO         6706    i.put_fat           ff.o
    0x080074e2   0x080074e2   0x00000074   Code   RO         6709    i.remove_chain      ff.o
    0x08007556   0x08007556   0x00000006   Code   RO          426    i.shci_cmd_resp_release  app_entry.o
    0x0800755c   0x0800755c   0x00000006   Code   RO          427    i.shci_cmd_resp_wait  app_entry.o
    0x08007562   0x08007562   0x00000002   PAD
    0x08007564   0x08007564   0x00000058   Code   RO         8908    i.shci_init         shci_tl.o
    0x080075bc   0x080075bc   0x00000008   Code   RO          428    i.shci_notify_asynch_evt  app_entry.o
    0x080075c4   0x080075c4   0x00000014   Code   RO         8955    i.shci_register_io_bus  shci_tl_if.o
    0x080075d8   0x080075d8   0x0000005c   Code   RO         8910    i.shci_send         shci_tl.o
    0x08007634   0x08007634   0x00000058   Code   RO         8911    i.shci_user_evt_proc  shci_tl.o
    0x0800768c   0x0800768c   0x00000028   Code   RO         6710    i.st_clust          ff.o
    0x080076b4   0x080076b4   0x00000010   Code   RO         6711    i.st_dword          ff.o
    0x080076c4   0x080076c4   0x00000008   Code   RO         6712    i.st_word           ff.o
    0x080076cc   0x080076cc   0x00000052   Code   RO         6714    i.sync_window       ff.o
    0x0800771e   0x0800771e   0x00000002   PAD
    0x08007720   0x08007720   0x0000005d   Data   RO          823    .constdata          app_ble.o
    0x0800777d   0x0800777d   0x00000024   Data   RO         1541    .constdata          usbd_storage_if.o
    0x080077a1   0x080077a1   0x00000003   PAD
    0x080077a4   0x080077a4   0x0000002c   Data   RO         4698    .constdata          stm32wbxx_hal_rcc.o
    0x080077d0   0x080077d0   0x00000080   Data   RO         6567    .constdata          system_stm32wbxx.o
    0x08007850   0x08007850   0x0000009c   Data   RO         6717    .constdata          ff.o
    0x080078ec   0x080078ec   0x00000007   Data   RO         9391    .constdata          usbd_msc_data.o
    0x080078f3   0x080078f3   0x00000008   Data   RO         9392    .constdata          usbd_msc_data.o
    0x080078fb   0x080078fb   0x00000008   Data   RO         9393    .constdata          usbd_msc_data.o
    0x08007903   0x08007903   0x00000010   Data   RO         9562    .constdata          stm32_seq.o
    0x08007913   0x08007913   0x00000001   PAD
    0x08007914   0x08007914   0x00000020   Data   RO         9985    Region$$Table       anon$$obj.o


    Execution Region RW_IRAM1 (Exec base: 0x20000000, Load base: 0x08007934, Size: 0x00001da0, Max: 0x00040000, ABSOLUTE, COMPRESSED[0x000000e0])

    Exec Addr    Load Addr    Size         Type   Attr      Idx    E Section Name        Object

    0x20000000   COMPRESSED   0x00000001   Data   RW          315    .data               user_diskio.o
    0x20000001   COMPRESSED   0x00000003   PAD
    0x20000004   COMPRESSED   0x00000014   Data   RW          316    .data               user_diskio.o
    0x20000018   COMPRESSED   0x00000005   Data   RW          382    .data               app_fatfs.o
    0x2000001d   COMPRESSED   0x00000003   PAD
    0x20000020   COMPRESSED   0x0000000c   Data   RW          650    .data               hw_timerserver.o
    0x2000002c   COMPRESSED   0x00000018   Data   RW          824    .data               app_ble.o
    0x20000044   COMPRESSED   0x00000004   Data   RW         1050    .data               hw_ipcc.o
    0x20000048   COMPRESSED   0x00000020   Data   RW         1457    .data               usbd_desc.o
    0x20000068   COMPRESSED   0x00000032   Data   RW         1458    .data               usbd_desc.o
    0x2000009a   COMPRESSED   0x00000002   PAD
    0x2000009c   COMPRESSED   0x00000020   Data   RW         1542    .data               usbd_storage_if.o
    0x200000bc   COMPRESSED   0x0000001c   Data   RW         1789    .data               pke_charge_transfer.o
    0x200000d8   COMPRESSED   0x00000010   Data   RW         1841    .data               pke_si7021_handler.o
    0x200000e8   COMPRESSED   0x0000000c   Data   RW         6263    .data               stm32wbxx_hal.o
    0x200000f4   COMPRESSED   0x00000004   Data   RW         6570    .data               system_stm32wbxx.o
    0x200000f8   COMPRESSED   0x00000008   Data   RW         6718    .data               ff.o
    0x20000100   COMPRESSED   0x0000001c   Data   RW         7082    .data               tl_mbox.o
    0x2000011c   COMPRESSED   0x0000000c   Data   RW         8836    .data               hci_tl.o
    0x20000128   COMPRESSED   0x00000004   Data   RW         8913    .data               shci_tl.o
    0x2000012c   COMPRESSED   0x00000001   Data   RW         9119    .data               usbd_ctlreq.o
    0x2000012d   COMPRESSED   0x00000003   PAD
    0x20000130   COMPRESSED   0x00000038   Data   RW         9246    .data               usbd_msc.o
    0x20000168   COMPRESSED   0x0000006a   Data   RW         9247    .data               usbd_msc.o
    0x200001d2   COMPRESSED   0x00000002   PAD
    0x200001d4   COMPRESSED   0x00000008   Data   RW         9492    .data               stm32_lpm.o
    0x200001dc   COMPRESSED   0x00000018   Data   RW         9563    .data               stm32_seq.o
    0x200001f4   COMPRESSED   0x00000098   Data   RW          825    BLE_APP_CONTEXT     app_ble.o
    0x2000028c   COMPRESSED   0x00000024   Data   RW         7613    BLE_DRIVER_CONTEXT  svc_ctl.o
    0x200002b0   COMPRESSED   0x00000006   Data   RW         8795    BLE_DRIVER_CONTEXT  p2p_stm.o
    0x200002b6   COMPRESSED   0x00000002   PAD
    0x200002b8   COMPRESSED   0x00000010   Data   RW         8838    BLE_DRIVER_CONTEXT  hci_tl.o
    0x200002c8   COMPRESSED   0x00000020   Data   RW         7083    MAPPING_TABLE       tl_mbox.o
    0x200002e8   COMPRESSED   0x0000010b   Data   RW          826    MB_MEM1             app_ble.o
    0x200003f3   COMPRESSED   0x00000001   PAD
    0x200003f4   COMPRESSED   0x00000088   Data   RW         7084    MB_MEM1             tl_mbox.o
    0x2000047c   COMPRESSED   0x0000085e   Data   RW          429    MB_MEM2             app_entry.o
    0x20000cda   COMPRESSED   0x00000002   PAD
    0x20000cdc   COMPRESSED   0x0000001f   Data   RW         7085    MB_MEM2             tl_mbox.o
    0x20000cfb   COMPRESSED   0x00000001   PAD
    0x20000cfc   COMPRESSED   0x00000010   Data   RW         8914    SYSTEM_DRIVER_CONTEXT  shci_tl.o
    0x20000d0c   COMPRESSED   0x00000098   Data   RW          651    TIMERSERVER_CONTEXT  hw_timerserver.o
    0x20000da4        -       0x00000154   Zero   RW           21    .bss                main.o
    0x20000ef8        -       0x000002c4   Zero   RW         1175    .bss                usb_device.o
    0x200011bc        -       0x000004e4   Zero   RW         1265    .bss                usbd_conf.o
    0x200016a0        -       0x00000200   Zero   RW         1456    .bss                usbd_desc.o
    0x200018a0        -       0x00000020   Zero   RW         6716    .bss                ff.o
    0x200018c0        -       0x0000000c   Zero   RW         6995    .bss                ff_gen_drv.o
    0x200018cc        -       0x00000020   Zero   RW         8835    .bss                hci_tl.o
    0x200018ec        -       0x00000020   Zero   RW         8912    .bss                shci_tl.o
    0x2000190c        -       0x00000090   Zero   RW         9561    .bss                stm32_seq.o
    0x2000199c   COMPRESSED   0x00000004   PAD
    0x200019a0        -       0x00000400   Zero   RW            1    STACK               startup_stm32wb55xx_cm4.o


==============================================================================

Image component sizes


      Code (inc. data)   RO Data    RW Data    ZI Data      Debug   Object Name

       958        108         93        443          0      87262   app_ble.o
       174         26          0       2142          0      43231   app_entry.o
        44         10          0          5          0       1852   app_fatfs.o
       698          0          0          0          0      49622   ble_gap_aci.o
       534          0          0          0          0       5424   ble_gatt_aci.o
       252          0          0          0          0       3331   ble_hal_aci.o
       250          0          0          0          0       3363   ble_hci_le.o
       120         18          0          0          0       3180   diskio.o
      3450         62        156          8         32      31906   ff.o
        70          6          0          0         12       1711   ff_gen_drv.o
       432         48          0         28         32       9762   hci_tl.o
        20         10          0          0          0       1086   hci_tl_if.o
       230         40          0          4          0      33005   hw_ipcc.o
      1372        106          0        164          0      20987   hw_timerserver.o
       898         76          0          0        340     754276   main.o
         8          0          0          0          0       1372   osal.o
        40         10          0          0          0       1039   otp.o
         6          0          0          0          0       2000   p2p_server_app.o
       484         14          0          6          0       3684   p2p_stm.o
       160         14          0         28          0       2737   pke_charge_transfer.o
        16          6          0         16          0       1502   pke_si7021_handler.o
        26          0          0          0          0       2519   shci.o
       342         52          0         20         32       5389   shci_tl.o
        20         10          0          0          0       2215   shci_tl_if.o
        36          8        316          0       1024        868   startup_stm32wb55xx_cm4.o
        52         10          0          8          0       6674   stm32_lpm.o
       460         48         16         24        144       8116   stm32_seq.o
       148         24          0         12          0       4087   stm32wbxx_hal.o
      1726         88          0          0          0      55495   stm32wbxx_hal_adc.o
       284         14          0          0          0      36281   stm32wbxx_hal_cortex.o
       382         26          0          0          0       2420   stm32wbxx_hal_gpio.o
       184          6          0          0          0       2867   stm32wbxx_hal_i2c.o
       168          0          0          0          0       1987   stm32wbxx_hal_i2c_ex.o
       296         30          0          0          0      44960   stm32wbxx_hal_msp.o
      1764          0          0          0          0      11761   stm32wbxx_hal_pcd.o
        88          0          0          0          0       2024   stm32wbxx_hal_pcd_ex.o
        16          4          0          0          0        571   stm32wbxx_hal_pwr.o
        32         10          0          0          0       1173   stm32wbxx_hal_pwr_ex.o
      2420         58         44          0          0      46430   stm32wbxx_hal_rcc.o
      1034          0          0          0          0      40809   stm32wbxx_hal_rcc_ex.o
       312          6          0          0          0       3012   stm32wbxx_hal_rtc.o
      1364        114          0          0          0      13042   stm32wbxx_hal_tim.o
       226         12          0          0          0       4288   stm32wbxx_hal_tim_ex.o
        60         16          0          0          0       5358   stm32wbxx_it.o
      1610          0          0          0          0      13849   stm32wbxx_ll_usb.o
       124          0          0          0          0       4883   stm_list.o
       206         16          0         36          0      10129   svc_ctl.o
       256         26        128          4          0       2244   system_stm32wbxx.o
       388         80          0        227          0       8518   tl_mbox.o
        84         18          0          0        708       6077   usb_device.o
       704         32          0          0       1252      25461   usbd_conf.o
       670          0          0          0          0      10243   usbd_core.o
      1206         20          0          1          0       8388   usbd_ctlreq.o
       284        100          0         82        512       6158   usbd_desc.o
       102          0          0          0          0       3956   usbd_ioreq.o
       498         16          0        162          0       9860   usbd_msc.o
       586         10          0          0          0       7645   usbd_msc_bot.o
         0          0         23          0          0        909   usbd_msc_data.o
      1404         12          0          0          0      10623   usbd_msc_scsi.o
        38          0         36         32          0       4375   usbd_storage_if.o
        44         12          0         21          0       3304   user_diskio.o

    ----------------------------------------------------------------------
     29914       1432        848       3492       4092    1501300   Object Totals
         0          0         32          0          0          0   (incl. Generated)
        54          0          4         19          4          0   (incl. Padding)

    ----------------------------------------------------------------------

      Code (inc. data)   RO Data    RW Data    ZI Data      Debug   Library Member Name

        86          0          0          0          0          0   __dczerorl2.o
         0          0          0          0          0          0   entry.o
         0          0          0          0          0          0   entry10a.o
         0          0          0          0          0          0   entry11a.o
         8          4          0          0          0          0   entry2.o
         4          0          0          0          0          0   entry5.o
         0          0          0          0          0          0   entry7b.o
         0          0          0          0          0          0   entry8b.o
         8          4          0          0          0          0   entry9a.o
        30          0          0          0          0          0   handlers.o
        36          8          0          0          0         68   init.o
        40          0          0          0          0         76   memcpy.o
        36          0          0          0          0        108   memseta.o
        14          0          0          0          0         68   strlen.o

    ----------------------------------------------------------------------
       266         16          0          0          0        320   Library Totals
         4          0          0          0          0          0   (incl. Padding)

    ----------------------------------------------------------------------

      Code (inc. data)   RO Data    RW Data    ZI Data      Debug   Library Name

       262         16          0          0          0        320   mc_w.l

    ----------------------------------------------------------------------
       266         16          0          0          0        320   Library Totals

    ----------------------------------------------------------------------

==============================================================================


      Code (inc. data)   RO Data    RW Data    ZI Data      Debug   

     30180       1448        848       3492       4092    1462252   Grand Totals
     30180       1448        848        224       4092    1462252   ELF Image Totals (compressed)
     30180       1448        848        224          0          0   ROM Totals

==============================================================================

    Total RO  Size (Code + RO Data)                31028 (  30.30kB)
    Total RW  Size (RW Data + ZI Data)              7584 (   7.41kB)
    Total ROM Size (Code + RO Data + RW Data)      31252 (  30.52kB)

==============================================================================

