<html>
<body>
<pre>
<h1>µVision Build Log</h1>
<h2>Tool Versions:</h2>
IDE-Version: µVision V5.27.0.0
Copyright (C) 2018 ARM Ltd and ARM Germany GmbH. All rights reserved.
License Information: Pascal Krumme, Manaz Development GmbH, LIC=48574-FQJ7M-HTF3X-FWK23-BNK06-D5AQG
 
Tool Versions:
Toolchain:       MDK-ARM Essential  Version: 5.27.0.0
Toolchain Path:  C:\Keil_v5\ARM\ARMCC\Bin
C Compiler:      Armcc.exe V5.06 update 6 (build 750)
Assembler:       Armasm.exe V5.06 update 6 (build 750)
Linker/Locator:  ArmLink.exe V5.06 update 6 (build 750)
Library Manager: ArmAr.exe V5.06 update 6 (build 750)
Hex Converter:   FromElf.exe V5.06 update 6 (build 750)
CPU DLL:         SARMCM3.DLL V5.27.0.0
Dialog DLL:      DCM.DLL V1.17.2.0
Target DLL:      STLink\ST-LINKIII-KEIL_SWO.dll V3.0.5.0
Dialog DLL:      TCM.DLL V1.36.1.0
 
<h2>Project:</h2>
C:\Users\pkman\Documents\GitHub\STM32WB55_PlantSensor\Software\MDK-ARM\STM32WB55_PlantSensor.uvprojx
Project File Date:  11/07/2019

<h2>Output:</h2>
*** Using Compiler 'V5.06 update 6 (build 750)', folder: 'C:\Keil_v5\ARM\ARMCC\Bin'
Build target 'STM32WB55_PlantSensor'
compiling pke_si7021_handler.c...
../Inc/includes.h(10): warning:  #1-D: last line of file ends without a newline
  #endif
../Inc/pke_charge_transfer.h(15): warning:  #1-D: last line of file ends without a newline
  #endif
../Inc/pke_si7021_handler.h(27): warning:  #1-D: last line of file ends without a newline
  #endif
../Inc/includes.h(10): warning:  #1-D: last line of file ends without a newline
  #endif
../Inc/pke_si7021_handler.h(27): warning:  #1-D: last line of file ends without a newline
  #endif
..\Src\pke_si7021_handler.c(85): warning:  #1-D: last line of file ends without a newline
  }
..\Src\pke_si7021_handler.c: 6 warnings, 0 errors
compiling pke_charge_transfer.c...
../Inc/pke_charge_transfer.h(15): warning:  #1-D: last line of file ends without a newline
  #endif
../Inc/includes.h(10): warning:  #1-D: last line of file ends without a newline
  #endif
../Inc/pke_si7021_handler.h(27): warning:  #1-D: last line of file ends without a newline
  #endif
../Inc/includes.h(10): warning:  #1-D: last line of file ends without a newline
  #endif
../Inc/pke_charge_transfer.h(15): warning:  #1-D: last line of file ends without a newline
  #endif
..\Src\pke_charge_transfer.c: 5 warnings, 0 errors
compiling main.c...
../Middlewares/ST/STM32_USB_Device_Library/Core/Inc/usbd_def.h(277): warning:  #47-D: incompatible redefinition of macro "MIN"  (declared at line 70 of "../Inc/app_common.h")
  #define MIN(a, b)  (((a) < (b)) ? (a) : (b))
../Middlewares/ST/STM32_USB_Device_Library/Core/Inc/usbd_def.h(278): warning:  #47-D: incompatible redefinition of macro "MAX"  (declared at line 68 of "../Inc/app_common.h")
  #define MAX(a, b)  (((a) > (b)) ? (a) : (b))
../Inc/includes.h(10): warning:  #1-D: last line of file ends without a newline
  #endif
../Inc/pke_charge_transfer.h(15): warning:  #1-D: last line of file ends without a newline
  #endif
../Inc/pke_si7021_handler.h(27): warning:  #1-D: last line of file ends without a newline
  #endif
../Inc/includes.h(10): warning:  #1-D: last line of file ends without a newline
  #endif
../Src/main.c(459): warning:  #177-D: function "MX_TIM17_Init"  was declared but never referenced
  static void MX_TIM17_Init(void)
../Src/main.c: 7 warnings, 0 errors
linking...
Program Size: Code=30180 RO-data=848 RW-data=3492 ZI-data=4092  
FromELF: creating hex file...
"STM32WB55_PlantSensor\STM32WB55_PlantSensor.axf" - 0 Error(s), 18 Warning(s).

<h2>Software Packages used:</h2>

Package Vendor: ARM
                http://www.keil.com/pack/ARM.CMSIS.5.4.0.pack
                ARM.CMSIS.5.4.0
                CMSIS (Cortex Microcontroller Software Interface Standard)
   * Component: CORE Version: 5.1.2

Package Vendor: Keil
                http://www.keil.com/pack/Keil.STM32WBxx_DFP.1.0.0.pack
                Keil.STM32WBxx_DFP.1.0.0
                STMicroelectronics STM32WB Series Device Support

<h2>Collection of Component include folders:</h2>
  .\RTE\_STM32WB55_PlantSensor
  C:\Keil_v5\ARM\PACK\ARM\CMSIS\5.4.0\CMSIS\Core\Include
  C:\Keil_v5\ARM\PACK\Keil\STM32WBxx_DFP\1.0.0\Drivers\CMSIS\Device\ST\STM32WBxx\Include

<h2>Collection of Component Files used:</h2>

   * Component: ARM::CMSIS:CORE:5.1.2
Build Time Elapsed:  00:00:10
</pre>
</body>
</html>
